---
source: tui/src/chatwidget/tests/magic_tests.rs
expression: popup
---
  Magic circle styles                                                              ⢀⣀⠤⠤⠤⠤⠤⠤⠤⠤⠤⣀⡀
  移 动 即 预 览  · Enter 选 用 并 开 启  · Esc 恢 复 原 样 式                                ⢀⡤⢖⡫⠽ ⠊⠉⠉⠉Magico⠯⢝⡲⢤⡀
                                                                             ⡠⢒⠥ ✦ ✦⣀⣀⠤⠤⠤⠤⠤⠤⠤⣀⣀dex ⠬⡒⢄
› 1. classic 经 典  (current)  六 芒 星 与 双 文 字 带 ， prompt 绕 外                  ⡠⢚⠗x ✦⡠⠔⠉     ⣀     ⠉⠢法 阵 ⠺⡓⢄
                             圈 ， 回 复 绕 内 圈                               ⢀⡔⡱de⢀⡴⠋    ⣀⡤⠤⢮⣤⡵⠤⢤⣀    ⠙⢦预 ⠈⢎⢢⡀
  2. wind 风                  螺 旋 气 旋 疾 转 ， 文 字 沿 涡 旋 卷 入 阵              ⢀⡞⡜co⢠⠊   ⢀⠔⠋⠁ ⢀⠞⠉⠳⡀ ⠈⠙⠢⡀   ⠑览  ⢣⢳⡀
                             心                                          ⡼⡼i ⡰⠁ ⢠⢖⣶⠁   ⢀⠎   ⠱⡀   ⠈⣶⡲⡄ ⠈⢆✦ ⢧⢧
  3. fire 火                  外 缘 火 舌 跃 动 ， 五 芒 星 与 上 升 火               ⢰⢡g ⢀⠇  ⢘⡾⢿⠉⠉⠉⢩⠟⢏⠉⠉⠉⡹⠻⡍⠉⠉⠉⡿⢷⡃  ⠸⡀ ⠘⡌⡆
                             星 ， 文 字 随 热 浪 闪 烁                         ⢸⢸a ⢸   ⢸  ⢳⡀⣰⠃ ⠈⣦⠤⣴⠁ ⠘⣆⢀⡞  ⡇   ⡇ M⡇⡇
  4. water 水                 波 浪 外 缘 与 池 心 涟 漪 ， 文 字 随 水 波             ⢸⢸M ⢸   ⢸   ⡷⣹⠒⠒⢺⡁⠒⢈⡗⠒⠒⣏⢾   ⡇   ⡇ a⡇⡇
                             起 伏                                       ⢸⢸  ⢸   ⢸  ⡼⠁⠹⡄ ⢀⠟⠒⠻⡀ ⢠⠏⠈⢧  ⡇   ⡇ g⡇⡇
  5. thunder 雷               锯 齿 八 边 形 ， 闪 电 劈 向 阵 心 ， 文 字             ⠸⡘⡄✦⠈⡆  ⢨⢷⣾⣀⣀⣀⣘⣦⣎⣀⣀⣀⣱⣴⣃⣀⣀⣀⣷⡾选  ⢰⠁ i⢃⠇
                             沿 棱 边 排 列                                  ⢳⢳  ⠱⡀ ⠘⠮⠿⡀   ⠈⢆   ⡰⠁   ⢀⠿择  ⢀⠎ c⡞⡞
  6. earth 土                 方 形 石 印 ， 文 字 刻 于 四 边 ， 坤 卦 纹              ⠈⢧⢣览 ⠘⢄   ⠈⠢⣄⡀ ⠈⢦⣀⡴⠁ ⢀⣠⠔式 样 ⡠⠃do⡜⡼⠁
                             与 角 石 ， 逐 格 转 动                             ⠈⠣⡱预 ⠈⠳⣄    ⠉⠓⠒⢞⠛⡳⠒⠚立 后  ⣠⠞⠁xe⢎⠜⠁
  7. holy 神 圣                放 射 圣 光 与 光 环 ， 八 芒 星 ， 文 字 疏                 ⠑⢬阵 法 ⠑⠢⣀    效 生 即  ⣀⠔⠊法  ⢴⡥⠊
                             朗                                               ⠑⠬⡒ xed⠉⠉⠒⠒⠒⠒⠒⠒⠒⠉⠉预 阵 ⢒⠥⠊
  8. dark 黑 暗                深 渊 漩 涡 与 血 色 蚀 环 ， 回 复 螺 旋 坠                     ⠈⠓⠮⣕⣲ocigaM ✦ 览 ⣖⣪⠵⠚⠁
                             入 虚 空                                                 ⠈⠉⠒⠒⠒⠒⠒⠒⠒⠒⠒⠉⠁

  Press enter to confirm or esc to go back
