---
source: tui/src/magic_styles_tests.rs
expression: "format!(\"idle\\n{idle}\\n\\ncharging 6s\\n{charging}\\n\\nreply at 16s\\n{charged}\\n\\noutlet\\n{outlet}\")"
---
idle
                                       ⣤
                                     ⢀⠞ ⠳⡀
                                     ⢸⢠⠛⡄⡇
                                     ⠘⣼ ⣧⠃
                                      ⠈⠛⠁

charging 6s


                               ⢀  ⢀ ⣦⡀⢀⣤ ⣠⢾⢠⡄
                             ⣄ ⢸⠳⣠⣋⠿⠕⠓⠛⡚⠛⠓⠾⠧⣳⣀⠤⡄⢀⡠
                             ⢏⣳⠼⠊tellation   ⠈⠙⠷⣩⠇
                          ⠠⣤⣲⠞⠁ons⢀⡠⠤⠒⠖⠒⠒⠒⠤⢄⡀ Cr⠈⠫⣭⣋⣀⣠
                        ⠈⠫⡉⡾⠁ c ⡠⠚⠁         ⠈⠓⢄ ea⠩⢧⣔⡥⡴
                        ⠐⣖⡞ ll⢠⠎   ⢀⡠⠔⢲⢖⠒⠢⢄⡀   ⠱⡄te ⢣⡞
                       ⠐⢖⢺⠁a ⢠⠃   ⡴⠋  ⡜⠘⡄  ⠙⢦   ⠘⡄  ⠈⣏⡶⠂
                        ⣨⡇ m ⡎   ⣼⡤⠤⠤⢤⠧⣤⠼⡒⠒⢒⡲⢣   ⢱ a ⢸⠒⣤⡤
                       ⠈⣓⡇ s ⡇   ⡇⠉⠲⢤⡜⢎ ⡱⢳⠔⠋⠁⢸ ⢀ ⢸   ⢸⢍
                      ⠐⠛⠤⡇   ⢇ ⠠ ⢣  ⢠⠋⢓⡭⡒⠉⢧  ⡜   ⡸ s ⢸⡒⠓
                        ⣰⣹⡀ a⠘⡄   ⠳⣄⣎⠴⠋ ⠈⠑⠬⣦⠞   ⢠⠃ m⢀⡧⠵⡄
                        ⢀⡼⢣  e⠘⢆   ⠈⠑⠢⠤⠤⠤⠔⠊⠁ ⠁ ⡰⠃la ⡼⣙⢄
                        ⠛⣩⣛⣳⡀ta ⠑⢤⣀       ⠠ ⢀⡤⠊c l⢀⡾⠞⠃⠉⠂
                           ⡠⣛⣢⡀erC⠈⠑⠒⠤⠤⠤⠤⠤⠒⠊⠁sno⢀⡴⠟⠛
                          ⠈⠉⠁ ⡏⣲⣄ ✦ noitallet⢀⡠⢶⠯⢇
                             ⠸⠟⠸⠒⠉⢏⢲⢲⡤⡤⣤⢤⢤⢴⠖⢍⢹⠳⣼
                                  ⠘⠁ ⠑⠁⠈⠛⠈⠊  ⠙⠂



reply at 16s
                                     ⣠⡄
                                  ⢠⡆⣰⢹⡟⢆⢀⡤⡆⣠⡄⢀⡄
                             ⠐⡦⣼⣒⠦⠗⠛⠋⠉⠉⠉⠉⠉⠙⠒⠳⠥⣧⠔⡇ ⣀⡄
                        ⢀⣀⡀⠠⡤⣤⠗⠉tion ✦ Create a⠙⠺⣭⣞⢤⠄
                        ⢶⢽⣮⡩⠊ella⣀⠤⠖⠒⠉⠉⠉⠉⠉⠒⠲⠤⣀ sma⠑⢮⢴
                        ⢈⣣⠎nst⢀⠔⠋ files      ⠈⠙⠢⡀ll ⠹⣤⢤⡄
                      ⣀⣚⡿⠁co⢀⡔⠁the⣀⡤⡒⠊⠫⠉⠉⠑⠒⠤⣀   ⠈⢢⡀✦ ⠈⢏⡝⢀⣀
                     ⢖⠬⢷⠁l ⢀⠞ g ⣠⠞⠉⡟⠢⡄    ⣀⠤⡺⠳⣄   ⠳⡀✦ ⠘⣏⡕⢁⡀
                     ⢀⡱⡇⠠l ⡞ n ⡰⠁  ⢱ ⠈⠒⣤⡴⠊⠁⢠⠃ ⠈⢇   ⢳   ⢸⣩⠟⠁
                    ⣤⠬⣿ a ⣰⠁ i⢠⠃   ⠈⣇⢶⡊⣇⢹⠶⣀⠏   ⠘⡄ ⠁⠈⡆   ⣗⡭⠟⠁
                     ⠙⣾ m ⢸ d ⢸⡀⢀⣠⠔⠋⢸⠤⢎ ⡱⠒⡞⠲⣄   ⡇   ⡇ C ⡿⢄⡀
                    ⡴⠮⢽  s⠸⡀a ⠘⡴⠭⠤⠤⢤⣈⣗⣃⣹⣈⣿⣀⣀⡀⠑⠦⣠⠃  ⢄⠇ r ⣯⡉⠉
                    ⣠⣔⣁⡇   ⢧ e ⠱⡀    ⢸  ⢲⠁  ⠈⠉⢉⠏ ⠠ ⡼ e ⢸⢶⡛⠄
                     ⣠⣞⡹⡄ a⠈⢦ R ⠙⢦⡀   ⣇⢠⠃   ⢠⡴⠋   ⡶⠁ta⢀⡗⠚⠉⠁
                       ⣼⢵⡀ e⠈⠣⡀   ⠉⠒⠤⢄⣸⣎⣀⡠⠤⠖⠉   ⢀⠜⠉ e⢀⢾⡚
                       ⢀⣞⣹⣆tae⠈⠢⣄⡀           ⢀⣠⠔⠁s a⣰⣫⡉⠁
                       ⠈⠰⠟⠒⣳⢄rC ✦⡉⠒⠦⠤⣀⣠⣀⣀⣈⠤⠴⠒⠉llam⣠⣊⣆
                           ⡷⣾⡻⠦⣄ noitalletsnoc ⣀⢴⢏⡇
                               ⠹⣿⣒⢦⠤⣄⣀⣀⣀⣀⣀⣠⢤⠔⣶⡟⠙⣾ ⠁
                                ⠈⠁⠿⠊ ⡷⠋⠱⣼⠷⠁ ⠑⠵  ⠈⠁
                                        ⠙

outlet
                                     ⢀
                                  ⢀⡄⢠⢻⡣⡀ ⢀⡄ ⡀
                             ⠠⣀⢠⢄⣀⣎⡣⠮⠼⠧⠽⠴⠥⠷⢎⣧⡖⡇⣠⡆
                           ⢀⣀⣀⡧⠝⠋⠉ion ✦ Creat⠉⠙⠲⢧⠔⡺⢃⡀
                        ⣈⠳⡒⢪⡷⠊ellat⣀⠤⠤⠤⠤⠤⠤⠤⣀⡀e a ⠙⢮⣽⣡
                        ⠘⢍⡽⠋nst⣀⠔⠊⠁iles     ⠈⠑⠢⣀sma⠙⢾⣀
                       ⠤⣲⠎ co⢠⠞⠁e f⣀⣠⠤⢤⠤⠤⠤⣄⣀   ⠈⠳⡄ll ⠱⡿⡵
                     ⣀⣒⢭⠏l  ⡰⠁th ⡠⠺⡧⣁      ⢈⣵⢆   ⠈⢆ ✦ ⠹⡵⣲⠞
                     ⠙⢦⡟ l ⡸ g ⢠⠎  ⢣⠈⠳⢄⡀⢀⠤⠊⢁⠏ ⠱⡆   ⢇   ⢳⠥⡲⠂
                     ⠘⢭⠃a ⢠⠇ n⢀⠏   ⠘⡄⣀⠴⡏⠣⣠ ⡜   ⠹⡀ ⠄⠸⡄  ⠘⡮⠤⡴⠂
                    ⠙⠯⣹ m ⢺ i ⢸   ⣀⠔⢻⣉⡶⠓⢾⣈⡻⢄    ⡇   ⡇   ⣗⠉
                    ⢀⠤⢺ s ⢸ d ⢸⣢⠔⠊  ⠘⣄⠟⢲⠛⢤⠃ ⠑⠦⡀ ⡇  ⡀⡇ C ⡧⠭⠶
                    ⠉⣩⠟⡆  ⠈⡇ a ⢯⠉⠉⠉⠉⠉⢻⠉⠙⢗⠗⠒⠒⠒⠒⠚⡿ ⢀ ⢸⠁ r⢰⣭⣢⡀
                    ⠚⠚⡩⢳  a⠸⡀eR⠈⠣⡀   ⠈⡆ ⡞    ⢀⠜⠁  ⢄⠇ e ⡾⠭⠶⠄
                     ⠚⠉⢩⢧  e⠘⢄⠈  ⠈⠢⣄⣀ ⢱⡼  ⣀⣠⠜⠁   ⡠⠓ta ⣼⣷
                       ⠉⡹⢣⡀ta⠈⠳⣄    ⠈⠉⠉⠉⠉⠉⠁    ⣠⠞⠁ e⢀⣼⠟⠂
                       ⠐⢛⣝⣙⢦erC ⠑⠢⢄⣀  ⢀  ⠐ ⣀⡠⠔⠊ms a⡴⡟⠚⠁
                           ⣎⣽⠦⡀✦ noi⠉⠉⠉⠉⠉⠉⠉c lla⢀⡔⡏⠉⠉
                           ⠁⠉⠉⠉⢳⣢⢤⣀talletsno⣀⡤⡴⠪⣹⠙⠇
                               ⠈⠹⠊⣝⠼⠋⣏⠝⢯⢹⣯⠋⠙⢦⣟⠁ ⠙⠆
                                  ⠁  ⡃ ⣀⠻⢁   ⠉
                                     ⢳ ⡜ ⡞
                                      ⢧⡹⡾⠄
                                     ⠐⠈⡷⠁⠁
