---
source: tui/src/magic_styles_tests.rs
expression: "format!(\"idle\\n{idle}\\n\\ncharging 6s\\n{charging}\\n\\nreply at 16s\\n{charged}\\n\\noutlet\\n{outlet}\")"
---
idle
                                       ⡄
                                     ⠠⣀⣇⣀⠄
                                   ⠐⠒⠒⣟⡷⣻⠒⠒⠂
                                     ⠐⠉⡏⠉⠂
                                       ⠃

charging 6s

                                   ⣤⣀⣀⠤⠤⡦⣀⣀⣀⢀
                              ⣐⡤⠖⢊⠉⠸ ✦ ✦⡇ ⡆ ⡟⠑⠲⢤⣀⡀
                           ⣀⡠⠊⡁ ✦ ✦ ✦⣀⠧⠤⠧⣐⣁⡰C r ⠎⠑⢄⡀
                          ⡴⠋ ✦ ✦⡨⣒⠭⠗⠒⠉⠉⠉⠉⠉⠒⠺⠭⣒⢄e a ⢙⢶
                        ⣤⠊⠐ ✦⣸⢖⠕⠋⠁  ⢀⣀⡠⠤⢄⣀⡀  ⠈⠙⠪⡲⣤t ⣀⠑⣄
                       ⣰⠃✦ ✦⣔⡕⠁  ⡠⠔⠉⡱⠲⢤⡀ ⣀⡨⢭⠢⢄  ⠈⢪⣢e  ⠜⣎
                      ⣠⡃⠈ ⢆⢎⠞  ⢠⠊ ⢀⣜⡤⠤⠒⠊⠙⠢⢄⡈⡆ ⠑⡄  ⠳⡱⡁ ⡤⠘⡄
                      ⡎⠉✦⠒⡜⡞  ⢰⢱⠒⠉⡝    ⢀   ⠈⢹⡢⢄⠈⡆  ⢳⢫⣀a⠤⢵⠆
                     ⢀⠇⠉ ⢂⢷⠁  ⡇ ⢇⡜    ⡀⢸⢀    ⢇ ⡽⢸  ⠈⡾⣀ ⡠⠸⡀
                     ⢹⠉⠉✦⢹⢸  ⢸ ⢀⡜⡄  ⠒⠒⢚⡾⡓⠒⠒  ⠘⡜⠁ ⡇  ⡇⣇ ⣀⣀⣇
                     ⠈⡆⠊ ⠉⡾⡀  ⡇⣞ ⢱    ⠁⡇⠈    ⡜⢱ ⢸  ⢀⢷⠡ ⣀⢰⠁
                     ⠰⢗⠒⠉✦⣣⢧  ⠸⡀⠑⠪⣇⡀   ⠁    ⣜⣀⠤⢇⠇  ⡼⡜⠤s⣀⡸
                      ⠘⡄⠚ ⢈⢎⢦  ⠘⢄ ⠸⡈⠑⠢⣄⡠⠤⠒⠚⡝⠁ ⡠⠃  ⡴⡱⠱ ⡀⢨⠋
                       ⡹⡔✦ n⠫⡣⡀  ⠑⠢⣓⡊⠉ ⠈⠓⠦⢎⣀⠔⠊  ⢀⢜⠝a m⢠⠏
                        ⠙⢄⠉ o⠛⠮⡢⣄⡀  ⠈⠉⠑⠒⠊⠉⠁  ⢀⣠⢔⠵⡏l ⠄⡠⠛
                          ⠷⣅ i t⠑⠭⣒⡦⠤⣀⣀⣀⣀⣀⠤⢴⣒⠭⡊  l ⣠⠞
                           ⠈⠑⢄⡰ a l l⠍⢲⠒⢲⠉n o c ⢈⡠⠊⠉
                             ⠈⠉⠓⠦⢄⣼  e t s ⡆⣀⡡⠴⠚⠍
                                  ⠁⠉⠉⠉⠺⠒⠒⠉⠉⠛


reply at 16s
                                 ⣀⣦⠤⠤⠤⠤⢼⠤⠤⠤⠤⣀⣆
                             ⣦⠴⠒⢉⠁s m a l l  ⠈⢉⠒⠦⣄⠄
                          ⣀⠔⡉  a   ⡣⠤⣬⣤⣬⣤⣬⠤⢄ c ✦⣠⠋⠉⠢⣀
                        ⣨⠿⢅e  ⣀⢵⡺⠝⠒⠉⠉     ⠉⠉⠒⠫⢗⡦⣃⢀⡴⠁⠈⡷⣇
                      ⢀⠔⠡ t ⡤⡪⠞⠉  ⢀⣀⠤⠤⠤⠤⠤⠤⠤⣀Read⠳⢕⢤⡠C ⢈⠢⡀
                     ⢨⠾⢄ a⡣⣪⠊  ⢀⡤⠊⠁⢠⠓⠢⣄⡀  ⢀⣀⣬⠑⢤ing⠑⣕⢔r ⢀⡱⡖
                    ⢀⠏⣀ e⡵⡽⠁ ⢀⡔⠃  ⢠⢃⣀⡤⠤⠛⠛⠯⣅ ⠈⢇ ⠘⢢ th⢯⢦e  ⠹⡀
                   ⠤⣞⣀r⠈⡹⡝  ⢠⢊⣠⠤⠒⡲⠉⠉       ⠉⠒⠼⡀  ⠑⡄e ⢫⢇a⠉ ⢳⣀
                   ⢰⠁⠈ ⢡⢳⠁ ⢀⠇⠈⡇ ⡰⠁     ⢀      ⢯⠑⠢⢄⡸⡀f⠈⡞⡔ ⠊⠉⡇
                   ⢸⠈C⠑⢸⡎  ⢸  ⢸⡼⠁     ⡀⢸⢀     ⠘⡆⢀⡜ ⡇ i⢱⡇⠔t⠂⡇
                  ⠐⢺⠒ ⠒⢸⡇  ⢸  ⡼⢇    ⠒⠒⢚⡾⡓⠒⠒    ⢱⡞  ⡇ l⢸⡇⠤ ⠤⡧⠄
                   ⢸⠠✦⠔⢸⢇  ⢸ ⡜⠁⠸⡄     ⠁⡇⠈     ⢀⡞⡇  ⡇e ⡸⡇⢄e⡀⡇
                   ⢸⣀⡠ ⠜⡼⡀ ⠈⡎⠑⠢⢄⣳      ⠁     ⢀⠎ ⢸⡀⢰⠁s⢀⢧⢃ ⡀⢀⠇
                   ⠉⢧ ⣀n⢱⣣  ⠘⢄  ⠈⡖⠤⣀       ⣀⣀⠮⠤⠒⠋⡡⠃  ⣜⣎⡀ ⠉⡽⠒
                    ⠈⣆  o⠳⣳⡀ ⠈⠣⡄ ⢱⡀ ⢙⣲⣤⣤⠒⠚⠉⢡⠃  ⢠⠜⠁ ⢀⣞⢞a ⠉⣰⠁
                     ⠼⢎⠁ i⠕⢝⢄  ⠈⠓⢄⡛⠉⠁  ⠈⠙⠢⢤⠃⢀⡠⠚⠁  ⡠⡫⢪  ⠑⡶⡃
                      ⠈⠢⡁ t ⠓⢕⢦⣀  ⠈⠉⠒⠒⠒⠒⠒⠒⠒⠉⠁  ⣀⡴⡪⠚ s ⢂⠔⠁
                        ⢹⢾⡀a l⢩⠺⢵⣢⠤⣀⣀     ⣀⣀⠤⣔⡮⢗⠉a m⢑⣶⡋
                          ⠉⠢⣀⣠ l e ⠑⠒⡛⠛⡛⠛⡛⠒⢪ l l  ⣈⠔⠉
                            ⠐⠙⠲⠤⣁⡀t s n o c  ⢀⣁⠤⠖⠻
                                 ⠹⠉⠒⠒⠒⠒⡗⠒⠒⠒⠒⠻⠉

outlet
                                  ⡄ ⣀⣀⣀⣰⣀⣀⣀  ⡀
                             ⡄⣀⠤⠔⠒⢹⠉⠁⡄ ⢸  ⡌⠉⢹⠓⠢⠤⣀ ⡀
                           ⣠⠔⠊⢆   s m a l l   c  ⡝⠣⣄
                        ⠐⣤⠊⠁   a⡠⣕⠾⠭⠓⠒⠒⠒⠒⠒⠚⠭⠷⣢⢅✦⠎ ⢠⠌⠑⢄⠄
                       ⣠⠎ t e⡵⡪⠓⠉    ⣀⣀⣀⣀⣀Readi⠚⢕⢶⡁⢀C⠃⠱⣄
                     ⠠⣴⠁ a ⣔⡵⠋  ⢀⡤⠖⢋⡭⣀    ⠉⠙⠲⢤ng ⠙⢮⣪ r ⠈⢆⣀
                     ⡜  e⢤⢯⠊  ⣀⠔⠁ ⢀⡞  ⣉⣲⢤⡔⠒⠉⠙⡄⠈⠢⣀th⠑⡽⡄e ⠉⢣
                    ⡸ r⠒⢤⡳⠁ ⢀⡴⠁⢀⣀⣤⠾⠒⠊⠉   ⠈⠑⠢⣄⣱  ⠈⢦e ⠈⢞⡄a⠔ ⢇
                   ⢉⠏⠒ ⢄⣮⠃  ⡞⠐⡍⠁⢀⠎           ⠉⡗⠦⣀ ⢳ f⠘⣵⣀ ⠤⠼⡒
                   ⢸⠠C⠤⢸⡼  ⢸⠁ ⢣⢠⠊      ⢰      ⠸⡀ ⣹⠊⡇i ⢧⡇t⣀⡀⡇
                  ⠠⢼⠤ ⢄⢸⡇  ⢸  ⢸⡇    ⣀⣀⣲⠼⣖⣀⣀    ⢇⡰⠁ ⡇ l⢸⡇⡀  ⡇
                   ⢸⢀✦⣀⢸⡇  ⢸ ⣠⠃⢸      ⠚⡏⠓      ⡸⡇  ⡇e ⢸⡇⠈e⠉⡏⠁
                   ⢸   ⣸⣹  ⠸⡔⠧⣀ ⢇      ⠃      ⡔⠁⢱ ⢠⠇s ⣏⡇⠉ ⠁⡇
                   ⠒⡏⠉n⢀⢫⡆  ⢳⡀ ⠙⠺⣤⣀          ⣜⣀⡠⠬⢂⡞  ⢰⡝⠈ ⠒⢼⠤
                    ⠸⡀⠊ ⢈⢞⢄  ⠙⣄  ⢣⠈⠑⠢⢄⡀⣀⣀⠤⠔⢒⡟⠉  ⣠⠋  ⡠⡳⠉a ⢀⠇
                     ⣱⡤o ⢈⣯⣢⡀  ⠑⢄⡈⠦⠤⠒⠊⠉⠓⠤⣀⢀⡞ ⢀⡠⠊  ⢀⣔⡽⠉  ⣀⠎
                      ⠘⣄⠒i ⡕⢝⡦⡀  ⠉⠓⠦⠤⣀⣀⣀⣀⣀⠭⠴⠚⠉  ⢀⢴⡫⡊s ⠄⣠⠋⠁
                       ⠈⠣⡰t a⠛⠪⢖⡤⣀           ⣀⢤⡲⠕⢫ m ⣀⠜⠁
                        ⠈⠈⠢⣌⠁ l l⠑⢻⠭⢖⣒⣒⣒⣒⣒⡲⢭⠟⢪l l a⣠⠔⠉⠂
                           ⠈⢱⠮⣀  e t s n o c    ⣘⢔⠊⠁
                               ⠉⠑⢲⠧⠤⣌⣀⣀⣇⣀⣈⣠⠤⢧⠒⠊⠉ ⠈
                                      ⣗⣿⣺   ⠈
                                     ⢸⢐⣿⡂⡇
                                     ⡇⡂⣿⢐⢸
