---
source: tui/src/magic_styles_tests.rs
expression: "format!(\"idle\\n{idle}\\n\\ncharging 6s\\n{charging}\\n\\nreply at 16s\\n{charged}\\n\\noutlet\\n{outlet}\")"
---
idle
                                        ⣠⡄
                                     ⡀ ⣰⠟ ⢀⠄
                                    ⢮ ⠰⢿⡶ ⡳
                                   ⠐⠁ ⢠⡾⠁⠈
                                      ⠛⠁

charging 6s

                               ⣀
                              ⠠⢃⡴⣖⠤⠖⠊⠉⠉⠙⠒⠒⠒⠒⠒⠒⠢⣀
                             ⢠⠴⠋llation ✦ Creat ⠑⢦⡀
                           ⢀⣠⠎te⢀⡼⠫⠭⣉⠉⠉⠉⠉⠉⠉⠉⠙⢤e a ⠹⡄
                         ⢀⠖⠉ons⡴⠋  ⡴⠁         ⠙⢦ sm⠈⠒⢤
                       ⢀⠔⠁l c⡴⠊  ⢀⠞⠢⢤⡀ ⢀⣀⡠⠤⠔⢦   ⠑⢦all ⠑⣄
                       ⡏ al⡰⠋  ⢀⣀⣜⠤⠴⢲⠋⠉⠁    ⠸⡀    ⠙⢆ ✦ ⢸⠢⢄
                      ⠈⡆ m⢸    ⢫ ⠇  ⠈⠙⠒⡦     ⢧      ⡇  ⢸
                       ⢧ s⢸    ⠘⡄     ⢠⠧⡀    ⠘⡄     ⡇✦ ⠸⡄
                       ⢸  ⢸     ⢣    ⠰⡁ ⢈⠆    ⢣     ⡇   ⡇
                       ⢸ a⢸     ⠘⡄    ⠈⠒⠁     ⠘⡄    ⡇✦ ⢀⡇
                       ⡞  ⢸      ⢳             ⣣    ⡇  ⡼
                       ⣇ et⠱⣄    ⠈⡆    ⢀⣀⡠⠤⠖⠒⠉⠉⠁  ⣠⠎rC ⢱
                       ⠈⠢⡀aer⠳⢄   ⠳⠔⠒⠊⠉⠁        ⡠⠞tae⢀⠔⠁
                         ⠈⠓⢤C ✦⠳⣄             ⣠⠞a e⣀⠴⠃
                            ⠙⡄ no⠓⣄⣀⣀⣀⣀⣀⣀⣀⣀⣀⣠⠚ms ⢰⠋⠁
                             ⠱⠤⢄italletsnoc lla⣀⠤⠎
                                ⠳⠔⠒⠒⠒⠒⠒⠒⠒⠦⠤⠤⠢⠤⠞⠁
                                 ⠠⠖⠁


reply at 16s
                                           ⠖⠉
                               ⡔⠒⠒⠒⠒⠉⠉⠋⠉⠉⠑⠢⠤⠤⠒⠒⠢⡀
                            ⢀⠤⠊ellation ✦ Create⠈⠳⣄
                          ⢀⣰⠃st⢀⡴⠉⠉⠉⠉⠉⠉⠉⠉⠉⠉⠉⠉⠉⢦⡀ a⠈⠳⣄⡀
                     ⠐⡄ ⣠⠖⠋on⢀⠔⠁               ⠈⠢⡀ s ⠙⢦⡀
                      ⠃⡜l c⢀⠴⠋ ⢀⣀⣀⣀              ⠙⠦⡀ma ⠳⡀
                    ⢀⠴⠭al⢀⡔⠁   ⢸  ⠈⠉⠉⠉⠉⠑⠒⠒⠒⠒⠢⠤⠤⠤⢤  ⠈⢢⡠ll⠑⢢⣀
                    ⣸ m⢹⢰⣉⠤⣆  ⢀⣸                ⢸ ⣀ ⢠⠋⡎⠑ ⡝⠈⠑⠂
                    ⠘⡄s ⢻  ⠘⠖⠚⠁⣷           ⠒⠒⢒⠦⢄⣏⡜ ⠉⠉ ⡇ ✦⢱
                     ⢇  ⢸      ⡿⠷⣞⠹⡄  ⢀⠤⡀⢀⠔⠤⠤⠎  ⡏     ⡇  ⠈⢆
                     ⡞a ⢸     ⢠⠃ ⠈⠁⠘⠒⢹⡁ ⢈⠇     ⢠⠃     ⡇ ✦ ⡎
                     ⡇  ⢸    ⢠⢼⡀⢀⡼⠒⠤⣠⠎⠈⠒⠁      ⢸      ⡇   ⡇
                     ⡇e ⢸⢀⡤⣀⣀⠏⣸⠈⠙⠒⠉⠁           ⢸    R ⡇   ⡇⡀
                     ⣧t⠲⢼⣜  ⠉ ⡇                ⡇  dae⣀⠇ C⢸⠁⢱
                   ⢀⡀⠣⢄ae⠈⠣⡀  ⠓⠒⠒⠒⠢⠤⠤⠤⠤⢄⣀⣀⣀⣀⡀  ⡇gni⢀⠜⠁er⢀⠜
                    ⠉⠓ ⠑⣄rC⠈⠲⣄              ⠉⠉ht ⣠⠖⠁eta⡰⠁
                        ⠈⠳⣄ ✦⠈⠢⡀        selif e⢀⠔⠁a ⢀⣠⠎
                          ⠈⢣  n⠈⠳⣀⣀⣀⣀⣀⣀⣀⣀⣀⣀⣀⣀⣀⠞⠁s ⣠⠖⠋
                            ⠓⢄ oitalletsnoc llam ⡸⠁
                              ⠑⠢⠤⠤⠤⠖⠲⢄⣀⡤⠤⠤⠔⠤⠤⠤⠤⠤⠒⠁
                                   ⣀⠤        ⡴⠁

outlet
                                           ⣠⠴
                               ⣠⠤⢄⡠⠤⠤⠤⠤⠤⠤⠤⣀⣀⣀⣀⡤⣄
                             ⣀⡴ate a small const⠓⢄
                           ⢀⠜Cre⢀⠖⠒⠒⠒⠒⠒⠒⠒⠒⠒⠒⠒⠲⡀ell⠑⢄
                     ⢠⡀  ⣀⠔ ✦ ⣠⠖⠁             ⠈⠲⣄ati⠉⠢⡀
                      ⠇⡰⠊ion⢀⠜⠁                 ⠈⠣⡀on ⠈⢆
                     ⣠⠴lat⢠⠞⠁  ⢸⠑⠒⠒⠒⠒⠢⠤⠤⠤⠤⣄⣀⣀⣀⣀   ⠈⠳⡄✦ ✦⠦⣄
                    ⢸⠉el⢠⠔⢁⡀   ⢸               ⠉⢹   ⠈⡯⡗ ✦⣾⠑⠤⡀
                    ⢱ t⠘⢾⠊⠁⠱⣀⠤⠒⣿           ⣀⣀⣀⣀ ⡜⣰⠒⠒⠼ ⡇  ⢧
                     ⡇s ⢸      ⣯⣆⡤⢲       ⣀⣀ ⡜⠉⠉⡗⠃    ⡇ ✦⠸⡄
                     ⡸n ⢸     ⢀⠏⠁⠑⠄⠣⠤⢤⠎⠉⠱⡞⠁ ⠉⠁  ⡇     ⡇   ⡽
                     ⡇o ⢸     ⢸  ⢠⢄⣀ ⡜⠣⠤⠜⠁     ⢸      ⡇ ✦ ⡇
                     ⡇c ⢸    ⡜⢹⠲⠴⠥⠤⠌⠉          ⢸      ⡇   ⡇
                     ⣇ ⣀⢸⣰⠉⠑⠒⠁⡎                ⡞   eR ⡇  ⢠⠃⢧
                     ⣏lla⠑⢄   ⠧⠤⣀⣀⣀⣀⣀          ⡇ ida⡠⠊erC⣸ ⠈
                   ⠈⠒⠬⠙⢦ms ⠳⢄       ⠈⠉⠉⠉⠉⠑⠒⠒⠒⠒⠢ gn⡠⠞eta⢠⠞⠁
                        ⠑⢄a e⠱⣄              eht⣠⠎ a  ⡴⠋
                          ⠑⢄tae⠓⢄       selif ⡠⠚ams⣀⠔⠉
                           ⠈⢆⡀rC ⠓⠒⠒⠒⠒⠒⠒⠒⠒⠒⠒⠒⠚ ll⢠⠊
                             ⠙⠦⣀✦ noitalletsnoc⢀⣠⠎
                               ⠈⠉⠉⠁ ⢀⠉⠋⣉⡁    ⢨⠏⠁
                                   ⠊⠁ ⢀⣠⠽⠂   ⠃
                                      ⠉⢓⣦
                                      ⠐⢿⡀
