---
source: tui/src/magic_styles_tests.rs
expression: "format!(\"idle\\n{idle}\\n\\ncharging 6s\\n{charging}\\n\\nreply at 16s\\n{charged}\\n\\noutlet\\n{outlet}\")"
---
idle
                                    ⣀⣀⣀⣀⣀⣀⣀
                                    ⡇⢀⣀ ⣀⡀⢸
                                    ⡇⠐⠒ ⠒⠂⢸
                                    ⡇⠈⠉ ⠉⠁⢸
                                    ⠉⠉⠉⠉⠉⠉⠉

charging 6s

                      ⣀⣀⣀⣀⣀⣀⣀⣀⣀⣀⣀⣀⣀⣀⣀⣀⣀⣀⣀⣀⣀⣀⣀⣀⣀⣀⣀⣀⣀⣀⣀⣀⣀⣀⣀
                      ⣿⣿a small constellation ✦ Create ⣿⣿
                      ⡇⡇  ⣀⣀⣀⣀⣀⣀⣀⣀⣀⣀⣀⣀⣀⣀⣀⣀⣀⣀⣀⣀⣀⣀⣀⣀⣀⣀⣀ a⢸⢸
                      ⡇⡇e ⡇               ⣀         ⢸  ⢸⢸
                      ⡇⡇t ⡇           ⢀⡠⠒⠉⠈⢆        ⢸ s⢸⢸
                      ⡇⡇a ⡇        ⣠⠴⠊⠁     ⢣⡀      ⢸ m⢸⢸
                      ⡇⡇e ⡇    ⢀⡤⠖⠋          ⢳⡀     ⢸ a⢸⢸
                      ⡇⡇r ⡇ ⣀⠤⠊⠁              ⠱⡄    ⢸ l⢸⢸
                      ⡇⡇C ⡇ ⠱⡀       ⠤⠤ ⠤⠤     ⠙⡄   ⢸ l⢸⢸
                      ⡇⡇  ⡇  ⠑⡄      ⠒⠒ ⠒⠒      ⠘⢄  ⢸  ⢸⢸
                      ⡇⡇  ⡇   ⠘⣄     ⠒⠒ ⠒⠒       ⠈⢆ ⢸ c⢸⢸
                      ⡇⡇n ⡇    ⠘⢆              ⢀⡠⠒⠉ ⢸ o⢸⢸
                      ⡇⡇o ⡇     ⠈⢧          ⣠⠴⠚⠁    ⢸ n⢸⢸
                      ⡇⡇i ⡇      ⠈⢣     ⢀⡠⠖⠋        ⢸ s⢸⢸
                      ⡇⡇t ⡇        ⠱⡀⣀⠤⠊⠁           ⢸ t⢸⢸
                      ⡇⡇a ⡇         ⠉               ⢸ e⢸⢸
                      ⡇⡇l ⠉⠉⠉⠉⠉⠉⠉⠉⠉⠉⠉⠉⠉⠉⠉⠉⠉⠉⠉⠉⠉⠉⠉⠉⠉⠉⠉ l⢸⢸
                      ⣿⣿letsnoc llams a etaerC ✦ noital⣿⣿
                      ⠉⠉⠉⠉⠉⠉⠉⠉⠉⠉⠉⠉⠉⠉⠉⠉⠉⠉⠉⠉⠉⠉⠉⠉⠉⠉⠉⠉⠉⠉⠉⠉⠉⠉⠉


reply at 16s
                    ⣀⣀⣀⣀⣐⣀⣀⣀⣀⣐⣀⣀⣀⣀⣐⣀⣀⣀⣀⣂⣀⣀⣀⣀⣂⣀⣀⣀⣀⣂⣀⣀⣀⣀⣂⣀⣀⣀⣀
                    ⣿⣿e a small constellation ✦ Create a ⣿⣿
                    ⣿ t ⣀⣀⣀⣀⣀⣀⣀⣀⣀⣀⣀⣀⣀⣀⣀⣀⣀⣀⣀⣀⣀⣀⣀⣀⣀⣀⣀⣀⣀⣀⣀ s ⣿
                   ⠁⣿ a ⡇             Reading the fil ⢸ m ⣿⠈
                    ⣿ e ⡇              ⢀⣀⡠⠤⠔⠒⠋⠉⡇    e ⢸ a ⣿
                   ⠄⣿ r ⡇       ⣀⣀⠤⠤⠒⠒⠉⠉       ⢸    s ⢸ l ⣿⠠
                    ⣿ C ⡇ ⢠⠤⠔⠒⠊⠉⠁               ⣇     ⢸ l ⣿
                    ⣿   ⡇ ⠸⡄                    ⠸⡀    ⢸   ⣿
                   ⠁⣿   ⡇  ⢣                     ⢇    ⢸ c ⣿⠈
                    ⣿ ✦ ⡇  ⠘⡄        ⠤⠤ ⠤⠤       ⠸⡀   ⢸ o ⣿
                   ⠂⣿   ⡇   ⢳        ⠒⠒ ⠒⠒        ⢧   ⢸ n ⣿⠐
                    ⣿ ✦ ⡇   ⠈⡆       ⠒⠒ ⠒⠒        ⠘⡄  ⢸ s ⣿
                   ⡀⣿   ⡇    ⢱                     ⢣  ⢸ t ⣿⢀
                    ⣿ ✦ ⡇    ⠈⡆                    ⠘⡆ ⢸ e ⣿
                    ⣿   ⡇     ⢹               ⢀⣀⡠⠤⠔⠒⠃ ⢸ l ⣿
                   ⠂⣿ ✦ ⡇      ⡇       ⣀⣀⠤⠤⠒⠒⠉⠉       ⢸ l ⣿⠐
                    ⣿   ⡇      ⢸⣀⣠⠤⠔⠒⠊⠉⠁              ⢸ a ⣿
                   ⡀⣿ ✦ ⡇                             ⢸ t ⣿⢀
                    ⣿   ⠉⠉⠉⠉⠉⠉⠉⠉⠉⠉⠉⠉⠉⠉⠉⠉⠉⠉⠉⠉⠉⠉⠉⠉⠉⠉⠉⠉⠉⠉⠉ i ⣿
                    ⣿⣿✦ noitalletsnoc llams a etaerC ✦ no⣿⣿
                    ⠉⠉⠉⠉⠩⠉⠉⠉⠉⠩⠉⠉⠉⠉⠩⠉⠉⠉⠉⠍⠉⠉⠉⠉⠍⠉⠉⠉⠉⠍⠉⠉⠉⠉⠍⠉⠉⠉⠉

outlet
                        ⠠    ⠠    ⠠    ⠄    ⠄    ⠄    ⠄
                    ⣿⣿⡯⠭⠭⠭⠭⠭⠭⠭⠭⠭⠭⠭⠭⠭⠭⠭⠭⠭⠭⠭⠭⠭⠭⠭⠭⠭⠭⠭⠭⠭⠭⠭⠭⠭⢽⣿⣿
                    ⣿⠉te a small constellation ✦ Create a⠉⣿
                   ⠄⣿ a ⡏⠉⠉⠉⠉⠉⠉⠉⠉⠉⠉⠉⠉⠉⠉⠉⠉⠉⠉⠉⠉⠉⠉⠉⠉⠉⠉⠉⠉⠉⢹   ⣿⠠
                    ⣿ e ⡇            Reading the file ⢸ s ⣿
                    ⣿ r ⡇          ⣀⣠⠤⠔⠒⠊⠉⠁    ⢣    s ⢸ m ⣿
                   ⠁⣿ C ⡇  ⢀⣀⡠⠤⠖⠒⠉⠉            ⠘⡆     ⢸ a ⣿⠈
                    ⣿   ⡇ ⢸⠁                    ⢱     ⢸ l ⣿
                   ⠂⣿   ⡇  ⣇                    ⠈⡆    ⢸ l ⣿⠐
                    ⣿ ✦ ⡇  ⠸⡀        ⣀⣀ ⣀⣀       ⢹    ⢸   ⣿
                   ⡀⣿   ⡇   ⢇        ⣀⣀ ⣀⣀        ⡇   ⢸ c ⣿⢀
                    ⣿ ✦ ⡇   ⠸⡀       ⣀⣀ ⣀⣀        ⢸   ⢸ o ⣿
                    ⣿   ⡇    ⢧                     ⣇  ⢸ n ⣿
                   ⠂⣿ ✦ ⡇    ⠘⡄                    ⠸⡀ ⢸ s ⣿⠐
                    ⣿   ⡇     ⢣                  ⢀⣀⡠⠇ ⢸ t ⣿
                   ⠄⣿ ✦ ⡇     ⠘⡆          ⣀⣀⠤⠤⠒⠚⠉⠁    ⢸ e ⣿⠠
                    ⣿   ⡇      ⢱  ⢀⣀⡠⠤⠔⠒⠊⠉⠁           ⢸ l ⣿
                    ⣿ ✦ ⡇      ⠈⠊⠉⠉                   ⢸ l ⣿
                   ⠁⣿   ⠧⠤⠤⠤⠤⠤⠤⠤⠤⠤⠤⠤⠤⠤⠤⠤⠤⠤⠤⠤⠤⠤⠤⠤⠤⠤⠤⠤⠤⠤⠼ a ⣿⠈
                    ⣿⣤noitalletsnoc llams a etaerC ✦ noit⣤⣿
                    ⠿⠿⠯⠭⠭⠭⠭⠭⠭⠭⠭⠭⠭⠭⠭⠭⠭⠭⣭⣭⣭⠭⠭⠭⠭⠭⠭⠭⠭⠭⠭⠭⠭⠭⠭⠭⠽⠿⠿
                        ⠈    ⠈    ⠈   ⣿⡿⠿   ⠁    ⠁    ⠁
                                      ⣿⣿⣿
                                      ⣿⣿⣿
