---
source: tui/src/magic_styles_tests.rs
expression: "format!(\"idle\\n{idle}\\n\\ncharging 6s\\n{charging}\\n\\nreply at 16s\\n{charged}\\n\\noutlet\\n{outlet}\")"
---
idle
                                      ⢠⠤⡄
                                     ⢠⠇ ⠸⡄
                                     ⢸   ⡇
                                     ⠈⠣⠤⠜⠁
                                   ⠘⠒⠊⠉⠑⠒⠋⠉⠁

charging 6s

                                          ⡀
                                 ⣠⠤⠤⢄⣀⡠⠴⠊⠉⠈⠉⠢⣄
                              ⢀⡠⠊ on ✦ ✦ ✦ ✦ ✦⠓⠢⠤⢄⡀
                          ⡠⠖⠒llati ⢀⣠⠖⠊⠑⠒⠤⣄⣰⣀⡀    ⠑⡄
                         ⡸⠁ te ⣼⢤⠤⠖⠋       ⠣⠃⠈⠙⢆ Cr⢣
                         ⡇ s ⢠⠊⠉⠉  ⢀⡠⠤⠖⠒⠲⠤⢄⡀   ⠘⡆ e⠈⠳⢄
                        ⡴⠁ n⢀⠏   ⣠⠞⠁ ⣀⡠⠤⢄⣀ ⠈⠳⣄  ⠘⢆⡀a  ⠙⣆
                       ⡞  o⢠⠎   ⡜⠁⢀⠔⠉  ⣀  ⠉⠢⡀⠈⢣   ⠙t   ⢸
                       ⣇  c⠃   ⣸  ⡎ ⢠⠊⠉ ⠉⠑⡄ ⢱  ⣇  ⡞⣾e  ⢞
                       ⠘⡆ ⠘⡆   ⡇ ⢸  ⢎     ⡱  ⡇ ⢸  ⠉⡇   ⠸⡄
                       ⢀⠇l⠰⣙⣆  ⢹  ⢇ ⠘⢄⣀ ⣀⡠⠃ ⡸  ⡏   ⡇  a ⢳
                       ⡜ l  ⢸   ⢣⡀⠈⠢⣀  ⠉  ⣀⠔⠁⢀⡜    ⡇   ⡠⠃
                       ⢳  a ⠘⡄   ⠙⢦⡀ ⠉⠑⠒⠊⠉ ⢀⡴⠋   ⢀⡴ams⠊⠁
                        ⠑⢦ms ⠙⠦⣄   ⠈⠑⠒⠦⠤⠴⠒⠊⠁  ⣰⡴⠊ ll⢰⠁
                          ⢱ a et⠙⢦⢀⡆         ⡠⠫noc ⢀⡜
                           ⢧⡀   aer⠾⠤⠤⠤⠒⠊⠉⠉⠉lets⣀⠤⠒⠋
                            ⠈⠙⠒⠒⠒⠦⡀C ✦ noital  ⡜⠁
                                  ⠈⠲⠤⠤⠤⠖⠒⠒⠤⢤⣀⠴⠊



reply at 16s
                                     ⣀⣀⣀⡀
                                  ⣀⠴⠋n ✦ ⠙⠒⠒⠒⠒⠒⠦⣄
                           ⢀⡤⠒⠒⠒latio   Create  ⠈⢣
                          ⣰⠋  tel⠤⠤⠴⣷⠖⠋⠉⠉⠉⠓⢤⡀ a s ⠳⣀
                        ⣠⠔⠁ ons⠉  files     ⠈⠓⠤⢤mall⠑⠢⣄
                      ⡴⠊⠁l c⢀⡞the                ⡽⢧ ✦  ⢳
                     ⡜  al ⣀⠞g    ⡠⠔⠚⠉⠉⠉⠉⠉⠓⠢⢄    ⠉⠁⢱⡀ ✦ ⡇
                     ⢣ sm⢠⠖⠁ n  ⡠⠊   ⣀⠤⠤⠤⣀   ⠑⢄     ⢧  ✦⠱⡀
                     ⢸  ⠸⣯⠇ i  ⡜  ⢀⠔⠉     ⠉⠢⡀  ⢣    ⠈⢣   ⠙⢆
                     ⡜a  ⡇  d ⢸⠁ ⢀⠎  ⣠⠖⠒⠲⣄  ⠱⡀ ⠈⡇     ⢣ ✦ ⠈⡇
                    ⢸⠁   ⡇ a  ⢸  ⢸   ⡇   ⢸   ⡇  ⡇     ⡼   ⢠⠇
                    ⢸⡀ e ⡇ e  ⢸⡀ ⠈⢆  ⠙⠦⠤⠴⠋  ⡰⠁ ⢀⡇   ⢀⡼⠁  ⢠⠋
                     ⢳⡀ t⡇ R   ⢣  ⠈⠢⣀     ⣀⠔⠁  ⡜    ⣾⡇   ⡇
                      ⢣  a      ⠑⢄   ⠉⠒⠒⠒⠉   ⡠⠊     ⡏⠁C  ⡇
                      ⢸   e⠦⣀     ⠑⠢⢤⣀⣀⣀⣀⣀⡤⠔⠊      ⡸⠁r  ⡸⠁
                      ⢸⡀  r ⣏⡷⣄                 ⢀⡠⠞⠁ae⡴⠊⠁
                       ⠳⢄⡀ C  ⠈⠦⣀         ⢠   ⡤⠚⠉  et⠁
                         ⠈⠑⠢✦ n ⠈⠉⠒⠒⠒⠒⠢⠤⣀⣰⣉⣆⠴⠊ ms a⢰⠃
                            ⠈⠢⣀oitalletsnoc lla ⢀⣀⡴⠃
                              ⠈⠉⠓⠉⠉⠉⠑⠲⢄⡀  ⢀⣠⠔⠊⠉⠉⠁
                                       ⠈⠉⠉⠉

outlet

                                   ⣀⠴⠚⠉⠙⠒⠦⢤⣀⣀⣀⣀⣀
                            ⢀⣀⡤⠤⠤⠤tion ✦ Cre   ⠈⠑⣄
                          ⢀⠔⠁  lla ⣀⣧⡠⠤⠒⠒⠲⢤⡀ate  ⠘⣆
                         ⣠⠎  ste⠋⠉files    ⠈⠓⢄⣀a sm⠑⠤⣀
                      ⢀⡤⠚⠁con⡰⠁the             ⠉⠑⢲all ⠙⢆
                     ⣰⠃ ll  ⡰ng    ⣀⠤⠔⠒⠒⠒⠢⠤⣀     ⠣⠏⢧ ✦ ⠘⡄
                     ⣇ ma ⣠⠎⠁i  ⢀⡴⠋         ⠙⢦⡀    ⠈⡆ ✦ ⢧
                     ⢸s ⢠⡞⡅  d ⢠⠋  ⣠⠔⠊⠉⠉⠉⠑⠢⣄  ⠙⡄    ⠘⣄ ✦⠈⠣⡀
                     ⣸   ⡏  a ⢠⠃  ⡰⠁  ⣀⠤⣀  ⠈⢆  ⠘⡄    ⠘⣆   ⠙⡄
                    ⢠⠃a  ⡇ e  ⢸  ⢰⠁  ⡎   ⢱  ⠈⡆  ⡇     ⢸ ✦  ⡇
                    ⢸    ⡇ R  ⢸  ⠘⡄  ⠣⣀ ⣀⠜  ⢠⠃  ⡇    ⢠⠃  ⢀⡜
                    ⠈⢆  e⡇    ⠈⢆  ⠘⣄   ⠉   ⣠⠃  ⡰⠁   ⣰⡃   ⡞
                     ⠈⣆ t⣇     ⠈⢦⡀ ⠈⠑⠢⠤⠤⠤⠔⠊⠁ ⢀⡴⠁    ⡟⠃C  ⡇
                      ⢸  a⠦⡀     ⠙⠦⣀       ⣀⠴⠋     ⢠⠃ r ⢠⠃
                      ⢸   e⠈⡿⢄      ⠉⠑⠒⠒⠒⠊⠉       ⡠⠋ e⣀⡴⠋
                      ⠈⢆⡀ rC⠉⠁⠱⣄              ⢀⡠⠖⠉ ta⠞⠁
                        ⠉⠒⠤ ✦  ⠈⠓⠦⠤⠤⠤⣄⣀  ⢠⠼⡄⢀⠴⠋  a e⠏
                            ⠳noitalletsnoc llams  ⢀⠞
                             ⠈⠓⠦⠤⠤⠤⠤⠤⣄      ⣀⠤⠴⠒⠒⠚⠁
                                      ⠉⠒⠢⠴⠒⠋⠁
                                     ⠨ ⠭ ⠅
                                     ⠨ ⠭ ⠅
                                    ⢠⣀⡠⠭⢄⣀⡄
