---
source: tui/src/magic_styles_tests.rs
expression: "format!(\"idle\\n{idle}\\n\\ncharging 6s\\n{charging}\\n\\nreply at 16s\\n{charged}\\n\\noutlet\\n{outlet}\")"
---
idle
                                    ⢀⣠⠤⣤⡤⠄
                                   ⢠⠊⡰⠋   ⠁⠄
                                   ⢸ ⡇     ⠂
                                   ⠘⢄⠱⣄   ⡀⠂
                                    ⠈⠙⠒⠛⠓⠂

charging 6s

                                     ⢀
                                  ⢀⡴small c⠒⠒⠂
                             ⣠⠃ate a ⠔⠊⠁ ⢀onstel⣀⡀
                            ⡰Cre⠃ ⣠⠞⠁⢀⡠⠖⠋⠁     lati⠒
                        ⢀  ⢰⠃ ⡰⠁ ⡴⠁⢀⡴⠋ ⣠⠴⠒⠋⢉⠉⠉⠉⠉⠑⠒on
                        ⢸✦ ⡎ ⢀⠇ ⡸⠁⢀⡞ ⣠⠊⠁⣀⠤⠒⠒⠒⠒⠒⠒⠤⣄⡀ ✦ ⡀
                        ⢸  ⡇ ⢸  ⡇ ⡸ ⣰⠥⠤⠮⠥⠤⣤⠖⠒⠒⠤⢄⣀ ⠙⠲⣄C⠈⠢
                        ✦  ⣇ ⠸⡄ ⣇ ⡣⠊       ⠑⢦⠤⢄⡀⠈⠓⢄ ⠈r⡀
                      ⢄  ⡇ ⠸⡀ ⢣ ⣸⣶⠁         ⠈⣆⡀⠉⠢⡄ ⠱⣄ e⡄
                      ⠘⡄✦⠹⡄ ⠱⡄ ⠣⣵⢸           ⡇⠉⢢ ⠘⢆ ⠘⣆a⠘⡄
                       ⠘  ⠙⢆ ⠘⠢⣀⢪⡽⡀         ⢀⠟⡄ ⢣ ⠈⡆ ⢸t ⠑
                        l⢦⡀ ⠑⢤⡀⠈⠑⢻⢷⢄       ⡠⢪⢀⢹ ⠘⡆ ⢹  e
                       ⠢⡀l⠙⠦⣄ ⠉⠑⠒⠤⠵⠵⢿⡲⣒⡲⣒⣖⠏⢀⡎ ⢸  ⡇ ⢸  ⡇
                        ⠈am⡈⠈⠙⠒⠤⠤⠤⠤⠤⠤⠒⠉⢁⡩⠛ ⡼⠁⢀⡎ ⢰⠁⠂s a⡇
                           s ⠤⢄⣀⣀⣀⣀⣠⣠⠤⠖⠋ ⣠⠞⠁⢀⠞ ⢀⠎ am  ⠁
                           ⠤a et  ⠂  ⢀⣠⠴⠊⠁⢀⡴⠋ ⢠c ll
                             ⠈⠉aerC ✦⠁ ⢀⡠⠔letsno⢠⠋
                                 ⠠⠤⠤ noital⠞⠁
                                        ⠈⠁


reply at 16s
                                    ⢀⡀     ⢀⡀
                              ⣠  ⢀lation ✦ Cr  ⣀⣀
                           ⢀⣠⠞nstel⡠⠚⠁ ⣠⠤⠒⠚⠉eate ⣝⠂
                         ⡀⡴ co⡱⠋ ⡰⠋ ⣠⠖⠉⢀⣀⠤⠔⠒⠒⠒⠒⠒⠒a s⣀
                        ⣸all ⡰⠁⢀⠞ ⣠⠞ ⡡⠖⠉⢀⣠⠤⠴⠒⠒⠒⠒⠦⠬⣑mal⠲⠄
                       ⠈sm⡸ ⢠⠃ ⡞ ⡰⠁⢠⠞⠁⡠⢞⠉⢀⡠⠤⠤⠴⠤⠤⠤⣀⡀⠘⠙l
                     ⡠ a  ⡇ ⡼ ⢸ ⢰⠃⢠⠏⢀⠞⢁⡤⠎⢁⣠⠤⠤⠤⠤⠤⣀⡀⠈⠑⠦⣀co⢄
                     ⢣ ⢸⡀ ⡇ ⡇ ⢸ ⢸ ⣸⡠⠜⠊⠉⠉⠉⠑⠢⢼⣴⢤⠬⣄⣀⠉⠑⠦⡀⠘⠳n ⠑⠄
                     ⢸e⠈⡆ ⢇ ⢹ ⢸⡀⢸⣠⠋         ⠙⡷⢥⣀⡈⠑⢦⡀⠈⠣⡀⠈s⡀
                   ⢀ t⡆ ⢳ ⠸⡄⠈⢇ ⢣⣠⠃           ⠘⡵⡆⠙⢦⡀⠘⢦ ⠙⣄ t⡀
                    ⣇a⢸⡄ ⢧ ⠙⣄⠈⠣⡀⢹             ⣟⡋⢢⡀⠙⣄ ⢳ ⠘⡆e⢱
                    ⢫e⢸⠙⣄ ⠳⡤⠈⠳⣄⠈⢚⡄           ⢠⢛⢧ ⢱⡀R⡆ ⢧⢰⠸l⡰⠁
                    ⠘⡌r⡀⠈⢢⡀⠈⠳⢄⡈⠉⠒⠺⣄         ⣠⢻⡏⠈⡇ ⣇e⢱ ⠸⣸l⣧⠃
                    ⠐⢽C⣟⢦⡀⠈⠲⢄⣀⠉⠙⠒⠒⠚⠓⠢⢄⣀⣀⣀⡠⣔⢮⡟⠁⡇ ⡇ a ⢸  ⡟a⢯
                      ⠙⣼⡀⠉⠲⢄⡀⠈⠉⠒⠒⠒⠒⠒⠊⢁⡠⠚⢁⡴⠋⣰⠃⢠⠇ ⡇id ⢸ it⠎⠊
                       ⠈⠙ ⢄⡀⠈⠉⠚⠒⠒⠖⠒⠒⠊⠁⣀⡴⠊⢀⡴⠃⢀⠎  gn⠃ ⡎no⠁
                       ⠐⠦✦ n⠉⠒⠲⠤⠤⠤⠤⠖⠒⠋⠁⣀⠴⠊ f eht⢀⠎  ✦ ⡏
                          ⠉oit⠤⠤⠤⠤⠤⠤⠔⠒⠉⠁seli⣠⠎ ⣠⠎erC ⠈
                            ⠠⣄allet⣀⡤⠤⣖⣋⣀⣀⣤⡊a eta⠔⠁
                                  snoc llams ⠁  ⠊
                                  ⠈⠉⠁    ⠈⠁

outlet

                                  ⢀⡴⢚⠁ ⣀⡠⠤⠒⠒⠂
                            ⢀⣴⠎tellation ✦ Creat⣶⠦⠄
                          ⢀⠞cons⠑⢁⠔⠉⢀⡠⠔⠋⠁⢀⣀⡠⠤⠤⠤e a ⡀
                        ⢰⢳ll ⢠⠏ ⡰⠋⢀⣴⠋⠂⡠⠖⠊⠉⢀⣀⣀⣀⣀⣀⣀⡑sma⠦⢄
                       ⠐sma⠁⢀⡏ ⡸⠁⢠⠎ ⡠⠋⢀⡠⠖⠋⠁⣀⣀⣀⣀⣀ ⠈⠉⢚ll ⠁
                     ⢀ a  ⡇ ⢸ ⢰⠃⢀⠏ ⡞⠁⡰⠋⢐⡴⠚⠉⢁⣀⣀⣀ ⠉⠙⠒⠤⣀ co⡀
                     ⡇ ⢸  ⡇ ⡇ ⢸ ⢸ ⢸⢀⣰⠥⠔⠓⠢⠶⣏⣩⣀⣀⡐⠉⠉⠒⢤⡀⠈⠱⢄n⠙⢦⡀
                     ⢸e⠘⡆ ⡇ ⢣ ⢸ ⢸⢀⡞⠉       ⠉⢪⣓⣌⠉⠓⢦⣀⠈⠳⣄ ⠑s ⠁
                     t⡄ ⢇ ⢹ ⠘⡄⠈⢆⢈⡎           ⢱⡻⠝⠢⡄⠈⠳⡄⠈⢣⡀t⢦
                   ⠐⡆a⢳ ⠘⡆ ⢣⡀⠹⣄⠈⢾             ⣟⡳⣄⠈⢣R⠘⢆ ⠱⡀e⢇
                    ⣿e⢰⢣⡀⠘⢆⡀⠱⢄⠈⠳⢼⡀           ⢀⣟⡅⠈⢧ e⡀⠘⡆⢀⢳l⢘⠂
                    ⠸⡙r ⠱⣄⠈⠻⣄⡈⠑⠦⢔⣣⡀         ⢀⣜⡼⠘⡄⠈⡆a⢧ ⢸⢸⠈l⡏
                    ⢠⣣C⡧⡀⠈⠳⢄⡀⠙⠲⠤⢄⣀⣑⣤⣀     ⣀⣤⣾⠞⡇ ⡇ d ⢸ ⠈⣾a⣟
                     ⠙⢧⣱⠈⠢⣄ ⠉⠒⠤⠤⣀⣀⣀⡤⠼⠛⢑⡲⠊⢩⠗⢑⠇ ⡇ ⡇ni ⢸ ⢀it⡸
                       ⠙⠣⣀ ⠉⠒⠦⠴⣀⣀⣀⣀⣠⠤⠖⠋⢀⡴⠃⢠⠞ ⡼ ⢰ g⡇ ⡸ no
                       ⠠⡀✦ ⠒⠤⢄⣀⣀⣀⣀⣀⣀⡠⠴⠚⠁⢀⠴⠁⢀⡜eht ⡼ ⢠✦ ⡜
                        ⠈⠙noi⣀     ⢀⣀⡤⠔⠚selif ⠃ ⡼⠁rC ⠰⠃
                             tall⠉⠉⠁ ⣀⡠⠴⠊⠁⢀⡤⠊ etae⠎
                            ⠈⠉⠉⠒etsnoc llams a  ⠜⠁
                                  ⠙⠒⠚⣉⠁  ⣠⠖⠋
                                     ⣇   ⣸
                                     ⠈⠳⣤⠞⠁
                                      ⢸⣛⡇
