---
source: tui/src/magic_circle_tests.rs
expression: "snapshot(&circle, now)"
---








                                     ⡠⠤⠤⠤⢄
                                   ⢠⢊⡴⠋⠉⠙⢦⡑⡄
                                   ⢸⢸  ✦  ⡇⡇
                                   ⠘⢌⠳⣄⣀⣠⠞⡡⠃
                                     ⠑⠒⠒⠒⠊
