---
source: tui/src/magic_styles_tests.rs
expression: "format!(\"idle\\n{idle}\\n\\ncharging 6s\\n{charging}\\n\\nreply at 16s\\n{charged}\\n\\noutlet\\n{outlet}\")"
---
idle
                                     ⡠⠤⠤⠤⢄
                                   ⢠⢊⡴⠋⠉⠙⢦⡑⡄
                                   ⢸⢸  ✦  ⡇⡇
                                   ⠘⢌⠳⣄⣀⣠⠞⡡⠃
                                     ⠑⠒⠒⠒⠊

charging 6s

                                   ⣀⣀⣀⠤⠤⠤⣀⣀⣀
                              ⣀⡤⠖⠊⠉e a small⠉⠑⠲⢤⣀
                           ⢀⡠⠊ Creat⣀⣀⠤⠤⠤⣀⣀ ✦ ✦ ✦⠑⢄⡀
                          ⡴⠋n ✦⢀⡠⠒⠉⠁       ⠈⠉⠒⢄⡀   ⠙⢦
                        ⣠⠊tio⣠⠖⠁    ⢀⣀⡠⠤⢄⣠⣒⢄   ⠈⠲⣄ Cr⠑⣄
                       ⣰⠃la ⡔⠁  ⡔⣲⡔⠉⠁   ⣠⠞⢻⠋⠢⢄   ⠈⢢ ea⠘⣆
                      ⢠⠃l ⢀⠎   ⢠⠛⢟⠉⠒⠢⠤⣠⣊⠁  ⡇  ⠑⡄   ⠱⡀t ⠘⡄
                      ⡎ e ⡜   ⢰⠁ ⢸⡀⢀⡴⠛⠉⠉⠉⠓⢦⣵⣀⡀ ⠈⡆   ⢣ e ⢱
                     ⢀⠇t ⢀⠇   ⡇  ⢀⣗⠏       ⠹⡄⠈⠉⢺⣻⢹  ⠸⡀  ⠸⡀
                     ⢸ s ⢸   ⣸⣀⣠⠞⠁⢹    ⠒    ⣇⢀⡴⠋⠉⡏   ⡇ a ⡇
                     ⠈⡆ n⠈⡆  ⣇⣯⡧⣀⡀⠘⣆       ⣰⢽⠁  ⢸   ⢰⠁  ⢰⠁
                      ⢇ o ⢣   ⠸⡀ ⠈⠉⢟⠳⢤⣀⣀⣀⣤⠞⠁⠈⡇ ⢀⠇   ⡜ s ⡸
                      ⠘⡄ c⠈⢆   ⠘⢄  ⢸  ⢀⡩⠋⠒⠢⠤⣀⣵⣤⠃   ⡰⠁ m⢠⠃
                       ⠹⡄ l ⠣⡀   ⠑⠢⣠⣧⡴⠋   ⢀⣀⠜⠯⠜  ⢀⠜ la⢠⠏
                        ⠙⢄lam⠙⠦⡀   ⠑⠭⠋⠑⠒⠊⠉⠁    ⢀⠴⠋c l⡠⠋
                          ⠳⣄s a⠈⠑⠤⣀⡀       ⢀⣀⠤⠊⠁sno⣠⠞
                           ⠈⠑⢄⡀ etae⠉⠉⠒⠒⠒⠉⠉allet⢀⡠⠊⠁
                              ⠉⠓⠦⢄⣀rC ✦ noit⣀⡠⠴⠚⠉
                                   ⠉⠉⠉⠒⠒⠒⠉⠉⠉


reply at 16s
                                 ⣀⣀⠤⠤⠤⠤⠤⠤⠤⠤⠤⣀⣀
                             ⣠⠴⣒⡭tion ✦ Create⢭⣒⠦⣄
                          ⣀⠔⡩tella⣀⡠⠤⠤⠤⠤⠤⠤⠤⢄⣀ a sm⢍⠢⣀
                        ⣠⢞⡵ons⣀⠴⠚⠉  Reading t⠉⠓⠦⣀all⢮⡳⣄
                      ⢀⠔⡱ c⢀⡤⠊    ⢀⣀⠤⠤⠤⠤⢼⣭⣷⣀he fi⠑⢤⡀ ✦⢎⠢⡀
                     ⢠⢎⡞ll⡠⠊   ⢀⡤⠊⠁    ⡠⠊⠉⡇ ⠈⠑⢤⡀les⠑⢄ ✦⢳⡱⡄
                    ⢀⢏ma ⡴⠁  ⣎⣽⣇⣀⣀⡀  ⢀⠞⠁  ⠘⡄   ⠘⢢⡀  ⠈⢦  ⢳⡹⡀
                    ⡞⡞s ⡸⠁  ⢠⠊⠹⡄  ⠉⢉⣝⢷⠶⠶⠤⠤⣤⣱⣀⣀   ⠑⣄⡀ ⠈⢇ ✦⢳⢳
                   ⢰⢱  ⢠⠃  ⢀⠇  ⢱  ⣠⠊ ⠘⡄   ⡴⠓⢧⠈⠉⠉⠑⢺⣿⣹  ⠘⡄ ⠈⡎⡆
                   ⢸⢸a ⢸   ⢸    ⢣⢼⠁   ⣹⠤⣤⠞  ⠈⡆  ⡠⠊ ⡇   ⡇ ✦⡇⡇
                   ⢸⢸  ⢸   ⢸  ⢀⡴⠉⣾⠉⠉⠑⢺⡁⠒⢈⡧⢄⣀⣀⡿⣀⠞⠁  ⡇   ⡇  ⡇⡇
                   ⢸⢸e ⢸   ⢸ ⡠⠊  ⠸⡀  ⡴⠛⠒⣏   ⢀⡗⢣    ⡇   ⡇ ✦⡇⡇
                   ⠸⡸⡀t⠘⡄  ⣏⣿⡧⢄⣀⣀⡀⢳⢤⠞   ⠘⡄ ⡠⠋  ⢇  ⢰⠁  ⢠⠃  ⢇⠇
                    ⢧⢧a ⢱⡀ ⠈⠙⢄   ⠉⠉⢏⠛⠒⠒⠶⠶⢷⣝⣁⣀  ⠘⣆⡠⠃  ⢀⡎ ✦⡼⡼
                    ⠈⣎⢧e ⠳⡀  ⠈⠣⡄   ⠘⡄  ⢀⡴⠁  ⠈⠉⠉⢹⣟⡹  ⢀⠞ ✦ ⣱⠁
                     ⠘⢎⢧rC⠑⢄   ⠈⠓⢄⡀ ⢸⣀⡠⠊    ⢀⡠⠚⠁   ⡠⠊  ⡼⡱⠃
                      ⠈⠢⡱ ✦⠈⠓⢄    ⠈⠉⢿⣛⡗⠒⠒⠒⠒⠉⠁    ⡠⠚⠁ ⣠⢎⠔⠁
                        ⠙⢮⡳ no⠉⠲⢤⣀           ⣀⡤⠖⠉erC⢞⡵⠋
                          ⠉⠢⣑itall⠉⠑⠒⠒⠒⠒⠒⠒⠒⠊⠉a eta⣊⠔⠉
                             ⠙⠲⠭⣓etsnoc llams ⣚⠭⠖⠋
                                 ⠉⠉⠒⠒⠒⠒⠒⠒⠒⠒⠒⠉⠉

outlet
                                    ⣀⣀⣀⣀⣀⣀⣀
                              ⣀⠤⢔⣒⡩⠭✦ Creat⠭⢍⣒⡢⠤⣀
                           ⣠⠔⡪lation ⣀⣀⣀⣀⣀e a sma⢕⠢⣄
                         ⡠⢊⠕tel⢀⡠⠔⠚⠉⠁Readin⠉⠓⠢⢄⡀ll c⡑⢄
                       ⣠⢎ons⢀⡴⠊⠁     ⣀⣀⣀⣠⣒g the ⠑⢦⡀ons⡱⣄
                      ⡰⡱ c⢀⡔⠁   ⢀⡤⠖⠋⠉  ⢀⡼⠻⡏⠙⠲⢤⡀fil⠈⢢⡀te⢎⢆
                     ⡜⡰ll⢠⠏  ⡴⣲⡔⠁     ⡠⠊  ⠱⡀  ⠈⠢⣀es ⠹⡄ll⢆⢣
                    ⡸⡰a ⢠⠃  ⢀⡷⢽⠋⠉⠒⠒⠲⢤⠾⣄⣀⣀⡀ ⢣    ⠈⢦⡀  ⠘⡄a⠈⢆⢇
                   ⢀⢇m ⢀⡎   ⡞  ⢇  ⢀⡴⠋⠹⡀  ⠉⢙⢯⡗⠒⠒⠦⠤⢴⣳⢲  ⢱⡀t⠸⡸⡀
                   ⢸⢸s ⢸   ⢸⠁  ⠘⡄⣠⠎   ⢣  ⡰⠃ ⠹⡀  ⢀⡼⠛⡏   ⡇ i⡇⡇
                   ⢸⢸  ⢸   ⢸   ⢀⠾⣽⠒⠤⠤⢤⠊⣉⠙⡄   ⣷ ⡠⠊  ⡇   ⡇ o⡇⡇
                   ⢸⢸a ⢸   ⢸ ⢀⡔⠁ ⢻   ⢈⠦⠤⡔⠉⠉⠉⠒⣯⢟    ⡇   ⡇ n⡇⡇
                   ⢸⢸  ⢸⡀  ⡼⣶⡏    ⢧⡀⡰⠃  ⢱  ⢀⡜⠁⠈⡆  ⢠⠇  ⢀⡇  ⡇⡇
                    ⡇⡇e ⢣  ⠓⢳⡋⠉⠙⠒⠒⠺⡽⠦⢤⣀⣀⣀⠧⡴⠋   ⠸⡀⢀⡞   ⡜ ✦⢸⢸
                    ⠸⡘⡄t⠈⢆   ⠙⣄    ⢱    ⢈⠟⠉⠓⠒⠒⠤⢴⣯⢻   ⡰⠁  ⢃⠇
                     ⠱⡘ae⠈⢧⡀   ⠑⢄⡀  ⢣ ⢀⡔⠁    ⢀⡠⠊⠓⠋ ⢀⡼⠁ ✦⢃⠎
                      ⠘⣜rC ⠑⢄⡀   ⠉⠓⠦⡼⣷⣏⣀⣀⣀⠤⠴⠚⠉   ⢀⡠⠊  ⡴⣣⠃
                       ⠈⠣⡑✦ n⠙⠢⢄⡀   ⠈⠒⠁       ⢀⡠⠔⠋rC⡠⢊⠜⠁
                         ⠈⠢⣕oita⠈⠑⠲⠤⢄⣀⣀⣀⣀⣀⡠⠤⠖⠊⠁etae⣪⠔⠁
                           ⠈⠑⠪⣑lletsnoc llams a ⣊⠕⠊⠁
                               ⠉⠑⠒⠬⠭⣗⣒⣶⣒⣶⣒⣺⠭⠥⠒⠊⠉
                                      ⠙⣶⠋
                                     ⢀⠆⣿⠰⡀
                                    ⢀⠎ ⣿ ⠱⡀
