---
source: tui/src/magic_output_tests.rs
expression: rendered
---
                               ⢀⡠⠤⠔⠒⠋⠉⠉⠉⠉⠉⠙⠒⠢⠤⢄⡀                                
                            ⣀⠤⠊⠁ Prompt ✦ Promp⠈⠑⠤⣀                             
                          ⡠⠚pt ✦⢀⡠⠤⠒⠊⠉⠉⠉⠉⠉⠑⠒⠤⢄⡀t ✦ ⠓⢄                           
                        ⣠⠎rom⢀⡴⠚⠁      ⣠⠤⡄    ⠈⠓⢦⡀Pr ⠱⣄                         
                       ⡰⠁ P⢀⡔⠁   ⢀⡠⠔⠒⠉⠉⣻⠿⡏⠒⠢⢄⡀   ⠈⢢⡀o ⠈⢆                        
                      ⡜  ✦⢠⠏  ⣀⣠⠖⠁    ⡜⠁ ⠱⡀  ⠈⠲⣄   ⠹⡄   ⢣                       
                     ⢸ t ⢠⠃e ⠸⣴⡻⠢⠤⠤⠤⢤⢮⣄⣀⣀⣀⣱⣀   ⠈⣢⢤⡀ ⠘⡄ P ⡇                      
                    ⢀⡇ p ⡎ s ⡜ ⢳⡀  ⡴⠋⢱   ⢨⠗⢧⠉⠉⠉⠉⣯⣣⠇  ⢱ r ⢸⡀                     
                    ⢸ m ⢸  n⢰⠁  ⢳⢀⡜   ⣣⠤⣴⠋  ⢣ ⢀⡞⠁⠈⡆   ⡇o  ⡇                     
                    ⢸ o ⢸ o ⢸   ⡠⢣⡗⠒⠒⢺⡁⠒⢈⡧⠤⠤⢼⢣⠊   ⡇   ⡇ m ⡇                     
                    ⢸ r ⢸ p ⠸⡀⢀⡼⠁ ⢣  ⣠⠟⠒⢫   ⡜⠁⢧  ⢀⠇   ⡇ p ⡇                     
                    ⠈⡇ P ⢇ s⢰⢫⣻⣀⣀⣀⣀⢳⢴⡃   ⢇⣠⠞  ⠈⢧ ⡜   ⡸ t ⢸⠁                     
                     ⢸   ⠘⡄er⠓⠫⡀   ⠉⢏⠉⠉⠉⠙⡳⠓⠒⠒⠒⠢⣮⠟⡆  ⢠⠃   ⡇                      
                      ⢣ ✦ ⠘⣆ ts⠙⠦⡀  ⠈⢆ ⢀⡜    ⢀⠴⠋⠉  ⣰⠃ ✦ ⡜                       
                       ⠱⡀tp⠈⠣⡀riF⠈⠑⠢⠤⣸⣶⣯⣀⣀⠤⠔⠊⠁   ⢀⠜⠁rP⢀⠎                        
                        ⠙⢆mor⠈⠳⢤⡀    ⠘⠒⠋      ⢀⡤⠞⠁pmo⡰⠋                         
                          ⠑⢤⡀P ✦ ⠑⠒⠤⢄⣀⣀⣀⣀⣀⡠⠤⠒⠊ ✦ t⢀⡤⠊                           
                            ⠉⠒⢄⡀tpmorP ✦ tpmorP⢀⡠⠒⠉                             
                               ⠈⠑⠒⠢⠤⣄⣀⣴⣒⣦⣀⣠⠤⠔⠒⠊⠁                                
                                      ⠙⣶⠋                                       
                                     ⢠⠃⣿⠘⡄                                      
                                    ⠠⠃ ⠿ ⠘⠄
