---
source: tui/src/magic_circle_tests.rs
expression: "snapshot(&circle, now + Duration::from_secs(16))"
---
                                 ⣀⣀⠤⠤⠤⠤⠤⠤⠤⠤⠤⣀⣀
                             ⣠⠴⣒⡭tion ✦ Create⢭⣒⠦⣄
                          ⣀⠔⡩tella⣀⡠⠤⠤⠤⠤⠤⠤⠤⢄⣀ a sm⢍⠢⣀
                        ⣠⢞⡵ons⣀⠴⠚⠉  Reading t⠉⠓⠦⣀all⢮⡳⣄
                      ⢀⠔⡱ c⢀⡤⠊    ⢀⣀⠤⠤⠤⠤⢼⣭⣷⣀he fi⠑⢤⡀ ✦⢎⠢⡀
                     ⢠⢎⡞ll⡠⠊   ⢀⡤⠊⠁    ⡠⠊⠉⡇ ⠈⠑⢤⡀les⠑⢄ ✦⢳⡱⡄
                    ⢀⢏ma ⡴⠁  ⣎⣽⣇⣀⣀⡀  ⢀⠞⠁  ⠘⡄   ⠘⢢⡀  ⠈⢦  ⢳⡹⡀
                    ⡞⡞s ⡸⠁  ⢠⠊⠹⡄  ⠉⢉⣝⢷⠶⠶⠤⠤⣤⣱⣀⣀   ⠑⣄⡀ ⠈⢇ ✦⢳⢳
                   ⢰⢱  ⢠⠃  ⢀⠇  ⢱  ⣠⠊ ⠘⡄   ⡴⠓⢧⠈⠉⠉⠑⢺⣿⣹  ⠘⡄ ⠈⡎⡆
                   ⢸⢸a ⢸   ⢸    ⢣⢼⠁   ⣹⠤⣤⠞  ⠈⡆  ⡠⠊ ⡇   ⡇ ✦⡇⡇
                   ⢸⢸  ⢸   ⢸  ⢀⡴⠉⣾⠉⠉⠑⢺⡁⠒⢈⡧⢄⣀⣀⡿⣀⠞⠁  ⡇   ⡇  ⡇⡇
                   ⢸⢸e ⢸   ⢸ ⡠⠊  ⠸⡀  ⡴⠛⠒⣏   ⢀⡗⢣    ⡇   ⡇ ✦⡇⡇
                   ⠸⡸⡀t⠘⡄  ⣏⣿⡧⢄⣀⣀⡀⢳⢤⠞   ⠘⡄ ⡠⠋  ⢇  ⢰⠁  ⢠⠃  ⢇⠇
                    ⢧⢧a ⢱⡀ ⠈⠙⢄   ⠉⠉⢏⠛⠒⠒⠶⠶⢷⣝⣁⣀  ⠘⣆⡠⠃  ⢀⡎ ✦⡼⡼
                    ⠈⣎⢧e ⠳⡀  ⠈⠣⡄   ⠘⡄  ⢀⡴⠁  ⠈⠉⠉⢹⣟⡹  ⢀⠞ ✦ ⣱⠁
                     ⠘⢎⢧rC⠑⢄   ⠈⠓⢄⡀ ⢸⣀⡠⠊    ⢀⡠⠚⠁   ⡠⠊  ⡼⡱⠃
                      ⠈⠢⡱ ✦⠈⠓⢄    ⠈⠉⢿⣛⡗⠒⠒⠒⠒⠉⠁    ⡠⠚⠁ ⣠⢎⠔⠁
                        ⠙⢮⡳ no⠉⠲⢤⣀           ⣀⡤⠖⠉erC⢞⡵⠋
                          ⠉⠢⣑itall⠉⠑⠒⠒⠒⠒⠒⠒⠒⠊⠉a eta⣊⠔⠉
                             ⠙⠲⠭⣓etsnoc llams ⣚⠭⠖⠋
                                 ⠉⠉⠒⠒⠒⠒⠒⠒⠒⠒⠒⠉⠉
