---
source: tui/src/magic_styles_tests.rs
expression: "format!(\"idle\\n{idle}\\n\\ncharging 6s\\n{charging}\\n\\nreply at 16s\\n{charged}\\n\\noutlet\\n{outlet}\")"
---
idle

                                    ⣠⠴⡲⠖⠲⢦⣄
                                   ⢾⡁⢸ ⣿⡇⢸⢎⡷
                                    ⠙⠲⠵⠦⠴⠞⠋


charging 6s


                                 ⢀ ⡠⠤⠤⠖⠒⠒⠒⠤⠤⠤⠤⣀⡀⢀⡠⡀
                              ⣠⠔⠊⠁ e a ✦ ✦ ✦   ⠘⠏⠒⠤⡀
                            ⡠⠚⠁reat  ⡠⠖⠚⠉⠒⠦⡀   Crea⠈⠲⡄
                         ⢀⡤⠊ ✦ C ⢀⣠⠔⠋      ⠈⠳⣄⡀   te ⠘⣆
                        ⡠⠋ on ⡠⠖⠋⠉            ⠙⠢⡀     ⢸
                      ⢀⡜⠁ati⢀⡞                  ⠘⡄  a  ⡇
                      ⡎ ll⡴⠚⡝⠒⣄     ⢀⣀⣀⣄⣀⣀       ⠸⡀    ⡇
                     ⢸  e⣀⣉⣲⣓⣊⡁  ⢀⡤⣲⠋⢀⣀⠈⠱⡀⠉⠒⢤⡀    ⢣ s ⢸⠁
                    ⠠⢼⠤ t⠐⠙⡏⠓⠁  ⢾⡁ ⢇ ⠸⠿ ⢀⡇   ⢈⡷    ⢧m ⢸
                     ⠘⡄ sn ⢣     ⠈⠓⠬⣢⢤⣀⠤⠚ ⣀⠤⠚⠁     ⢸a ⢸
                      ⠑⡄ oc ⠳⢄       ⠉⠉⠋⠉⠉        ⢀⠞l⢀⣸
                       ⠈⢦  ll⠈⠑⡄               ⢀⡤⠞⠁ l⠐⡯⠅
                         ⠑⢄ ams⠘⡄            ⢀⡴⠉     ⢲⠧
                           ⣙⣴⠆ a ⢄⡀     ⢀⡠⠔⣲⣴⣋   oc ⢀⠎
                           ⠈⠋⠳⣄ eta⠒⠒⠒⠒⠒⠚⠛⠯⠧⠖letsn⢀⡰⠁
                              ⠈⠢⣄⡠erC ✦ noital ⢀⡠⠜⠯
                                ⠠⠓⢢⢧⣀⣀⡄ ⣀⣀⣆⡤⠤⠒⠋⠁
                                  ⠈   ⠋⠉  ⠃


reply at 16s
                                    ⣀⣀⣀⣀⣀⣀⣀
                                ⣠⠴⠚⠉⠁      ⠉⠉⠒⠢⢤⣀⢠⡀
                             ⢀⡴⠋ reate a small ✦⠘⠟⠲⢄⡀
                           ⢀⠔⠉ ✦ C⣀⣀⣀⣀⡀ ⣀⣀⣀⣀⣀⣀  ✦ ✦ ⠙⢦⡀
                         ⣀⠔⠁ n ⠊  eh  ⠈⠉⠁    ⠈⠙⠢⡀  ✦  ⠙⣄
                       ⣠⠞⠁tio⠎ lif  t gnidaeR   ⠈⠢⡀ ✦  ⠘⡆
                     ⢠⠞⠁lla⢠⠏ se                  ⠈⢦ ✦  ⢸
                    ⣰⠃ te⣀⣠⠃                        ⢳   ⠈⡇
                   ⢰⠃ s⠰⣏⣁⠏⣉⠦      ⢀⣠⠤⠤⡤⠤⠤⣤⡀         ⡇✦  ⡇
                   ⡇ n ⢴⡋⢹⠉⣓⠄   ⢀⡤⠚⠉ ⢠⠎ ⢀⣀ ⠉⢗⢤⡀      ⡇   ⡇
                  ⠤⡧⠄o  ⠉⠙⡍⠁   ⢾⡁    ⢸  ⠸⠿  ⡸ ⢈⡷    ⣸⠁C  ⡇
                   ⣇  c   ⣇     ⠈⠓⢤⣀  ⠑⢄⣀⣀⣀⣔⡥⠚⠁     ⡇ r  ⡇
                   ⠘⡄  l  ⢸        ⠈⠙⠒⠒⠒⠒⠒⠋⠁        ⡇ e  ⡇
                    ⠘⣄ la ⢸                         ⡇ a ⣲⠧
                     ⠘⢦ ms ⡆                       ⢰⠁ t⢀⢸⠑
                       ⠱⣄ a e⡀                   ⣀⠔⠁  e⢀⡟⠂
                        ⠈⣳⣶⡄tae⠒⠢⠤⠤⣀⡀    ⢀⡤⢖⣢⣤⡴⠒⠉  s a⢀⡜
                         ⠈⠋⠲⣄ rC ✦  ⠈⠉⠒⠒⠒⠛⠺⠽⠥⠞⠁ llam ⡠⠎
                            ⠈⠑⠦⣀⢠ noitalletsnoc  ⢀⣠⠷⡎⠁
                                ⠟⠒⡾⠤⠤⣄⣆⣀⣀⣀⡦⠤⠤⠤⠖⠒⠊⠉
                                      ⠁   ⠈

outlet

                                 ⣀⡤⠔⠒⠊⠉⠉⠉⠙⠒⠒⠤⢤⣀
                              ⣀⠴⠊⠁eate a small ⠉⢓⡮⣇⡀
                            ⣠⠜⠁✦ Cr           ✦ ✦  ⠉⠢⡄
                          ⣠⠞⠁on ⠒⠉⠉⠉⠙⠒⠒⠒⠒⠒⠋⠉⠙⠒⠢⣄ ✦ ✦ ⠈⢣⡀
                        ⣠⠊⠁ati⠃ if eht gnidaeR ⠈⠳⣄  ✦  ⠱⡀
                      ⡠⠊ ell⡜⠁el                 ⠈⠳⡄ ✦  ⢳
                    ⢀⠞⠁nst⢀⡜  s                    ⠈⢆   ⠘⡄
                   ⢀⠎ co⠴⠒⡞⠲⣄        ⢀⣀⣀⣀⣀          ⠘⡆✦  ⡇
                   ⡞   ⢀⠽⢺⠳⢾⡁    ⢀⡤⠒⠉⠉⡴⠋⠁⠉⠉⠳⣤⡀       ⡇   ⡇
                   ⡇ l ⠉⠲⢼⠴⠚⠁  ⡠⠚⠁   ⢸  ⢰⣶  ⢱⠈⠓⢄    ⢠⠃   ⡇
                  ⠉⡏⠁l    ⡇    ⠈⠲⢄⡀  ⠈⢦⡀⠈⠉ ⣠⢏⡠⠖⠁    ⡎ C  ⡇
                   ⢱⡀ a   ⢱       ⠉⠒⠤⢤⣀⣉⣒⡶⠮⠓⠉       ⡇ r  ⡇
                    ⢳⡀ms  ⢸                         ⡇ e ⣄⣇
                     ⠱⡄  a⠸⡀                       ⢠⠇ a ⢺⠤
                      ⠘⢦⡀ et⡀                     ⣠⠎  t⠐⡾⡀
                        ⠑⢄⣠aer⠤⢄⣀⣀        ⢀⣀⣀⡀⣀⡠⠴⠚⠁  e ⣰⠁
                         ⠺⠿⢅ C ✦  ⠉⠉⠒⠤⠤⣀⣀⣺⣭⡾⣒⡹⠂  ms a ⡴⠁
                           ⠈⠑⢤⡀  noitalletsnoc lla ⣆⠴⠋
                              ⠈⠑⡾⢄⣰⡀  ⡄   ⡄ ⢀⣀⣀⡠⠤⠒⠋⠁⠁
                                  ⠃⠈⠉⢉⠏⡉⢉⠉⠹⠉⠉
                                     ⢸ ⡇⢸
                                     ⠯⠇⡇⡼⡄
                                      ⢰⣓⡏⠁
