---
source: tui/src/magic_circle_tests.rs
expression: "snapshot(&circle, now + Duration::from_millis(700))"
---




                                     ⣀⣀⣀⣀⣀
                                 ⡠⠔⠊⠉   Cr⠉⠑⠢⢄
                              ⢀⡴⠋      ⣀⣀eate ⠙⢦⡀
                             ⢠⠊   ⣠⠔     ⠈⠑⠢⣀a s⠑⡄
                            ⢠⠃  ⢀⡞⠁         ⠈⢳⡀m ⠘⡄
                            ⡎   ⡼             ⢣ a ⢱
                            ⡇   ⡇      ⠒      ⢸ l ⢸
                            ⢇   ⢣             ⡜ l ⡸
                            ⠘⡄  ⠈⢣⡀         ⢀⡼⠁c ⢠⠃
                             ⠘⢄   ⠉⠢⣀⡀   ⢀⡠⠔⠋sno⡠⠃
                              ⠈⠳⣄    ⠈⠉⠉⠉allet⣠⠞⠁
                                 ⠑⠢⢄⣀   it⣀⡠⠔⠊
                                     ⠉⠉⠉⠉⠉
