---
source: tui/src/magic_circle_tests.rs
expression: "snapshot(&circle, now + Duration::from_secs(16))"
---



                                ⢀⡠⠔⠒⠉⢉⣉⣉⣉C⡉r⠒e⢄⡀
                              ⡠⠚⢁⣠⠔⢒⣉⣁⣀⣀⣤⣤⣈⠉⠑⠢⢄at⢤⡀
                            ⡴⠋⢀⠔⠉⣠⡴⠿⢛⣋⣩⠭⠭⢍⣉⡙⠷⣶⢦⠈⠢⡀e⢄
                          ⢀⠎⢀⠔⢁⣶⡿⣋⠴d⢉i⠤n⠤g⣄ ⠑t⡙⠳⣤⡈⢢ ⠳a
                         ⢀⠎⢀⠎⢀⡾⢋ea⡠⠚⢉⡠⠤⠤⠤⠤⣄⡈⠓⢄h⢣⡙⣿⡇⠳⡀ ⡀
                         ⡜ ⡎⢰⣿⢃R⢀⠞⢀⡔⠋      ⠉⢦⡀⢳⡀e ⣷ ⢣ s
                         ⡇⢰⠁⢸⡏⡸ ⡞ ⡞          ⢱ ⢣ f⢸⣷⠈⡆⢸m
                         ⡇⢸ ⣸⡇⡇ ⡇ ⡇          ⢸ ⢸ i⢸⡏ ⡇⢸a
                         ⡇⠸⡀⢿⡇⢹ ⢣ ⢇          ⡼ ⡼ l⣸⡇⢀⠇⢸l
                         ⢣ ⢣ ⢿⡈⢇⠈⢧⠈⠳⣀      ⣠⠜⠁⡴⠁⡰e⣿⠇⡸ l
                         ⠈⢆⠈⢦⢸⣿⣌⢣⡀⠑⢤⡈⠙⠒⠒⠒⠒⠊⣁⡤⠊⢀⠔s⡾⠁⡰⠁⡰
                          ⠈⢦⠈⠣⡈⠛⢦⣌⠢⢄⡈⠙⠒⠒⠒⠒⠉⣁⡠⠖⣩⣾⠿⢁⠔⠁⡰c
                            ⠑⣄⠈⠢⡀⠳⠿⢶⣌⣉⣑⣒⣒⣋⣩⣥⣶⠞⠋⣀⠔⠁⣠⠞o
                             ⠈⠓⢄⡈⠑⠢⢄⣀⡉⠛⠛⠉⠉⢉⣉⠥⠔⠋⢁⡤sn
                                n⠑o⠤⣀⣈⣉⣉⣉⣉⣁⣀⠤e⠊t
                                    i t a l l
