---
source: tui/src/magic_styles_tests.rs
expression: "format!(\"idle\\n{idle}\\n\\ncharging 6s\\n{charging}\\n\\nreply at 16s\\n{charged}\\n\\noutlet\\n{outlet}\")"
---
idle
                                   ⡤⠤     ⠤⢤
                                   ⠃   ⡆   ⠘
                                     ⠒⠂⠒⠐⠒
                                   ⡄   ⠇   ⢠
                                   ⠓⠒     ⠒⠚

charging 6s

                         T+06.0s   ⣀⢀⣀⠤⠤⢤⣀⣀⣀
                      ⡏⠉⠉⠁     ⡤⡖⢪⠉⠆⠘ ⠃⠸⠘ ⠃⠰⠉⡕⢲⢤⢀    ⠈⠉⠉⢹
                      ⠃    ⢀⠰⠪⡁⠣⠈on ✦ Create  ⠁⠜⢈⠕⠄⡀    ⠘
                          ⠴⠫⠈ lati⣀⡤⠔⠒⠒⠒⠒⠒⠢⢤⣀a sm ⠁⠝⠦
                        ⣠⠪⡈ tel⡠⠖⠋           ⠙⠲⢄all ⢁⠝⡄
                       ⣰⡒⠢ ns⣠⠊    ⡀⠤⠄⠒⡂⠒⠂⠠⡀    ⠑⣄   ⠔⢒⣆
                      ⢠⠣⠌ co⡰⠃  ⢀⣄⡋    ⡇    ⠙⢂⡀  ⠘⢆ C ⠡⠜⡄
                      ⡎⠒   ⢰⠃  ⢀⢬⠊⢹⠢⡀  ⡇      ⠑⡀  ⠘⡆r  ⠒⠱
                     ⢀⣏⡁ l ⡇   ⡄⠆⢠⠃⡜⢉⠦⡀⠇       ⢃   ⢸ e ⢈⡹⡀
                     ⢸⠐⠒ l ⡇   ⡅⠒⠒⠒⠒⠚⠒⠋⠒ ⠒⠒⠒⠒⠒⠒⢘   ⢸ a ⠒⠂⡇
                     ⠈⣎⡁ a ⡇   ⢡       ⡆       ⠘   ⢸ t ⢈⣹⠁
                      ⢆⠤  m⠸⡄  ⠈⢄      ⡇      ⡐⠁  ⢠⠇ e ⠤⡸
                      ⠘⡔⢂ s ⠱⡄  ⠈⠡⣄    ⡇    ⣠⠘⠁  ⢠⠎a  ⡐⢢⠃
                       ⠹⠥⠔ a ⠙⢄    ⠈⠂⠠⠤⠡⠤⠐⠒⠈    ⡠⠋s  ⠢⠬⠏
                        ⠘⣔⢁ eta⠑⠦⣄           ⣠⠴⠊lam ⡈⡢⠋
                          ⠲⣔⢀ erC ⠉⠓⠢⠤⠤⠤⠤⠤⠔⠚⠉oc l ⡀⣢⠖
                      ⡄    ⠈⠐⢔⡁⡔⢀✦ noitalletsn⡀⢢⢈⡢⠆⠁    ⢠
                      ⣇⣀⣀⡀    ⠁⠓⠧⢜⣀⠆⢠ ⡄⡆⢠ ⡄⠰⣀⡣⠼⠚     ⢀⣀⣀⣸
                                   ⠉⠉⠉⠓⠒⠒⠉⠁⠉      WAIT


reply at 16s
                   ⢀⣀⣀⣀T+16.0s   ⣀⣀⠄⡤⢤⠤⢠⠤⡤⢤⠤⣀⡀          ⣀⣀⣀⡀
                   ⢸         ⢀⠴⣖⠸⠄⠑ ⠁⠈ ⠘ ⠁⠈ ⠊⠠⠏⣲⠦⢀         ⡇
                   ⠈      ⢠⠔⢯⠈⠆ e a small const ⠰⠁⡽⠢⣀      ⠁
                        ⣠⠾⡀⠃ reat⡠⠤⠒⠊⠉⠉⠉⠉⠉⠑⠒⠤⢄ella ⠘⢈⠷⠄
                      ⢀⣔⠑⠂ ✦ C⡴⠚⠁             ⠈⠓⢦tio ⠐⠊⣣⡀
                     ⢀⠪⣈⠁n ⢀⡔⠁   ⢀⡠ ⠒⠃⠈⡍⠁⠘⠒ ⢄⡀   ⠈⢢n ✦⠈⣁⠥⡀
                    ⢀⠟⠆ io⢠⠏   ⣠⠆⠈     ⡇     ⠁⠰⣄   ⠹⡄ C ⠰⠻
                    ⣌⠙ t ⢠⠃   ⡤        ⡇        ⢤   ⠘⡄r  ⠋⣱
                   ⢰⣁⠁ a ⡎   ⡈      ⢀⠤⠊⡏⠒⠤⣀      ⢁   ⢱ e ⠈⣈⡂
                   ⢸⠤ l ⢸   ⠐⠃     ⡖⠁  ⠇   ⢳     ⠘⠂   ⡇a  ⠤⡇
                   ⢘⠒⠂l ⢸   ⢸⠐⠒⠒⠒⠒⠒⡗⠒⠒ ⡖ ⠒⠒⢺⠒⠒⠒⠒⠒⠂⡇   ⡇ t⠐⠒⡅
                   ⢸⠒  e⢸ s ⠠⡄     ⢧  ⣜⣏  ⢀⠼     ⢠⠄   ⡇ e ⠒⡇
                   ⠨⡉⡀ t ⢇ e ⢁      ⢉⠾⠤⣧⡠⠒⠁      ⡈   ⡸   ⢀⢉⠇
                    ⢏⣠  s⠘⡄li ⠓    ⢀⢎⠒⠒⡗        ⠚   ⢠⠃ a ⣄⡙
                     ⣦⠆ no⠘⣆f e⠙⠆⢀⢠⠮⢀⡉⡁⣏     ⡀⠰⠋   ⣰⠃s  ⠰⣴⠁
                     ⠈⢒⢉⡀c ⠈⠣⡀ht ⠈⠙ ⠤⡄⢀⣃⡀⢠⠤ ⠊⠁   ⢀⠜lam⢀⡉⡢⠁
                      ⠈⢫⡠⠄ lla⠳⢤⡀gnidaeR      ⢀⡤⠞✦ l ⠠⢄⠝⠁
                        ⠐⢶⡁⡄ ms a⠑⠒⠤⢄⣀⣀⣀⣀⣀⡠⠤⠒⠊✦ ✦  ⢠⠈⡶⠋
                   ⢀      ⠉⠢⣞⢀⠆  etaerC    ✦ ✦  ⠰⡀⣳⠔⠃      ⡀
                   ⢸         ⠁⠲⠯⣰⠂⡠ ⡀⢀ ⡄ ⡀⢀ ⢄⠐⡆⠽⠖⠁         ⡇
                   ⠈⠉⠉⠉          ⠈⠉⠒⠓⠚⠒⠃⠒⠓⠚⠐⠉⠉      RECV⠉⠉⠉⠁

outlet
                                    ⢀⣀⣀⢀⣀⣀⡀
                   ⢸⠉⠉⠉T+16.0s⣀⡤⢐⠒⢭⠁⠇⠸ ⢸ ⠇⠸⠉⡭⠂⡢⢤⣀       ⠉⠉⠉⡇
                   ⠘       ⣠⡔⠸⡁⠑ ⠁mall conste⠈ ⠊⢀⠞⢢⣄       ⠃
                         ⡠⠈⠇⠈ e a s⡠⠤⠤⠤⠤⠤⠤⠤⢄llati ⠁⠰⠑⢤
                       ⣀⠪⡈⠁reat⡠⠒⠉           ⠉⠒⢄on ✦⠈⢁⠕⣄
                      ⡴⠑⠂  C⢠⠖⠁     ⡤⠄⠠⠤⠄⠠⢤     ⠈⠲⡄ C ⠐⠊⢂
                     ⣔⡈⠑n ✦⡔⠁   ⡀⠐⠉    ⡇    ⠉⠂⢀   ⠈⢢ re⠊⢉⣣
                    ⡘⠥ io⢀⠎   ⢀⠊       ⡇       ⠑⡀   ⠱⡀a  ⠬⢆
                   ⢠⠗⠂ t ⡜   ⠐⠃      ⢀⡤⡧⣄⡀      ⠘⠂   ⢣ t ⠐⠺⠄
                   ⢨⠉  a⢠⠃  ⢀⠇     ⡤⠞⠁ ⡇ ⠉⠓⢆     ⠸⡀  ⠘⡄e  ⠉⡇
                   ⢸⣉⡀l ⢸   ⢠⢀⣀⣀⣀⣀⣀⣇⣀⣀ ⣀ ⣀⣀⣸⣀⣀⣀⣀⣀⡀⡄   ⡇  ⢀⣉⡃
                   ⢰⠤  l⢸ s ⢈      ⡇  ⡰⡥   ⢸      ⡁   ⡇ a ⠤⡇
                   ⠸⠤  e⠈⡆e  ⠇     ⠘⠲⣴⣓⡗⢀⡠⠞⠉     ⠸   ⢰⠁   ⠤⡅
                   ⠈⡗⠂  t⢱ li⠐⢆     ⡼⠥⣉⣟⠉       ⡰⠂   ⡎ s ⠐⢺⠁
                    ⠘⣍⡀ sn⠣⡀f  ⠢⡀  ⡼⠑⠢⠄⡧      ⢀⠔   ⢀⠜am ⢀⣩⠆
                     ⠱⡤⠔ oc⠑⢄eht ⠐⠼⠈⡈⠂⠂⠗  ⢀ ⠤⠂    ⡠⠊ll ⠢⢄⠊
                      ⠐⣔⠂⡀ ll⠓⢄⡀ gni⠉⠁⠈⠉⠁⠈⠉    ⢀⡠⠚ ✦ ⢀⠐⣢⠋
                       ⠈⠪⡠⠄ ams⠈⠒⠤⣀⡀daeR   ⢀⣀⠤⠒⠁✦ ✦ ⠠⢄⠕
                         ⠉⠢⣃⡠ ⡄ a eta⠉⠉⠉⠉⠉⠉ ✦ ✦ ⢠ ⢄⣸⠄⠁
                   ⢰       ⠈⠑⠞⣀⡔⢀⠄⢀ erC⡀    ⡀⠠⡀⢢⣠⠇⠊⠁       ⡆
                   ⠸⠤⠤⠤        ⠉⠑⠐⠭⠤⢇⣸⣀⡇⣀⣇⡸⠠⠭⠒⠂⠉    RECV⠤⠤⠤⠇
                                       ⣿
                                       ⣿
                                      ⠑⡭⠊
