---
source: tui/src/magic_styles_tests.rs
expression: "format!(\"idle\\n{idle}\\n\\ncharging 6s\\n{charging}\\n\\nreply at 16s\\n{charged}\\n\\noutlet\\n{outlet}\")"
---
idle
                                     ⣠
                                    ⢰⠃ ⡤⠒⠢⣄
                                    ⠘⣆⣀⡁⢢ ⠈⠇
                                       ⢀⡸⠁
                                     ⠉⠉⠉

charging 6s

                                      ⡤⠤⠤⡀
                                ⢔⣊⣉⣁⣀⣀⣀     ⠉⠑⠒⠄
                           ⢀⠤⠒⠚⠉⠁   ate a⠒⠤⡀ ⢈⠢⠄ ⠐⣤⡀
                           ⠃⠠⠐⠊✦ Cre      smal⡈⠑  ⠙⢟
                        ⢠⠂  on ⠴⠒⠊⠉⠉⠉⠉⠓⠒⠤⣀   l c  ⢄⠈⣆⠠⣄
                       ⠰⠁ ⡀ti⠉        ⢀⣀ ⠈⠳⣄ ⠑⠄⠈on⠈⠂⠘⡄⠘⡆
                         la⠁   ⢀⣠⠴⠒⠒⠒⠒⠦⣄   ⠈⣆   ⣼s   ⢣
                      ⡎ ⢠l   ⢀⡔⠋        ⠱⡀  ⢸⢀  ⠘⡇t  ⢸  ⢲
                      ⠇⢠e   ⢠⠎   ⢀⡴⠒⢋⡵⠋⠉⠙⢧⡀⠰⣸ ⠃ ⢠⠇ e⢀⡸  ⢸
                       ⡎t  ⢀⠇   ⣰⠃  ⢸     ⣇⡴⡅   ⡜  l⢸⠇
                      ⡇⡇s  ⢸    ⡇   ⡏⠳⣄⣀⣠⠞⠁⢠  ⣠⠞  l ⡜   ⢰
                      ⠧⠇ n ⢸    ⡇   ⡇  ⠉⠲⠤⠤⠤⠔⠊⠁⡀ ta⠎    ⡸
                         o ⢸⡀   ⢣   ⠘⢦⡀       ⠚noi⠁   ⢀⠄
                       ⠸⡄ c ⢣   ⠈⢣⡀   ⠉⠒⠤⠶⣁⣀⠤⠤⠒      ⡠⢋⠆
                        ⠙⠂ ll⢦    ⠑⢦⡀             ⣀⠴⠊⠠⠃
                           ⣄ams⡄    ⠈⠒⠦⢄⣀⣀  ⣀⣀⣀⠤⠖⠊⠁⢠
                           ⠈⠓⠄ a e⡀       ⠉⠉⠕⠐⠁  ⠤⠒⠁
                               ⠐⠤taerC⡀    ⢀⣀⡠⠔
                                     ⠈⠓⠒⠚


reply at 16s
                                 ⣀⣀⠄  ⠠⠤⠤⠤⠄  ⢀
                               ⠐⠙⠓⠒⠒⠒⠒⠢⠤⢤⣀   ⠈⠉⠒⠦
                          ⣀⠔⠋ ⡀⡀⠤⠐ ⠤⠐⠂    ⠉⠓⢤⡀     ⢠⣄
                         ⠈⠁ ⠔⠈⣀⣠llation ✦ ✦ ⠂⠪⠷⣄   ⠈⢪⡳⠄
                      ⢀⡔  ⢀⡴⠒nste   ⢀⠤⠄ ⠈⠑⠢✦ ✦ ⠈⢣⡀   ⠷⡀
                     ⢀⠎ ⡠⠞⠁ co ⢀⣠⡠⠦⠤⠤⢄⣀ ⠒⠒ ⠈⠳⡄ ✦ ⠱⡄  ⠈⢣ ⠹⡄
                      ⣠⠞ all⣤⠶⠚⠁   Readin⣄   ⠘⡆ ⠈✦    ⠈⡆ ⠱
                    ⡆⡰⠃ sm⣠⠞⠁   ⢀⣀⡤⠤⠤⣄⡀  g t  ⠸⡀ ⢢✦⡇   ⢳
                   ⢰⡱⠁   ⡰⠁   ⣠⠞⠉     ⣈⣳⣄ ⠐he  ⡇  ⠁    ⢸   ⡆
                   ⠈   a⡸   ⢀⡜⠁  ⢀⡤⠖⣲⠊⠁ ⠈⠑⣄⠇⠓ ⢰⢳  ⢀✦⠘⡄ ⡜   ⡇
                   ⢀    ⠃   ⡞   ⣰⠋  ⡇     ⢸ f⣠⠏   ⡼   ⢠⠇   ⠁
                   ⢸   e   ⢰⠁  ⢠⠇  ⢰⠙⢄⡀ ⢀⡠eli⠁  ⢀⡜⠁   ⡎    ⡀
                   ⠸   ⡇t  ⢸   ⢸   ⢼⡀ ⠙⢯⡉ s ⠁ ⣀⡴⠋   ⢀⠎   ⢀⢎⠇
                       ⢧a⠘⡄⢸   ⠈⡆  ⠈⢯⡉  ⠈⠙⠒⠒⠚⠙⠁   ⢀⡴⠋   ⢠⠎⠸
                     ⢆ ⠸⡀e  ⢇   ⠸⡄  ⢄⡙⢦⣀       ⢀⡤⠖⠉    ⡴⠋
                     ⠘⣆ ⢣rC ⠘⢇   ⠘⢦⡀    ⠉⠑⠒⠒⠒⠊⠉⠁    ⣀⡴⠊ ⡰⠁
                        ⠈⢦  ✦⠈⢣⡀   ⠈⠢⢄⡀         ⢀⣀⠤⠚⠋  ⠜⠁
                        ⠐⢮⡣⡀ noi⢦⡀    ⠈⠉⠓⠒⠒⠒⠒⠒⠒⠋⠉ erC⡀
                          ⠙⠃  ⠈talle⣀         a eta⠔⠉
                              ⠲⠤⣀⡀ tsnoc llams⣄⠄
                                 ⠁  ⠐⠒⠒⠒⠂  ⠐⠉⠉

outlet
                                      ⢀⣀⣀⣀⡀
                               ⠠⢔⣲⠯⠥⠤⣀⣀⣀     ⠐⠢⢤⡀
                           ⣀⠴   ⢀⢀ ⣀⢀⡀  ⠉⠑⠢⢤⡀   ⠈  ⢀
                         ⠠⠊⠁⡠⠐⠁⠁⢁⣀⣀lation   ⠌⣓⢄    ⠘⣕⢆
                       ⣀   ⣠⡠⠔onstel ⠈⠉⠉⠒✦ ✦ ✦⠁⠑⣄   ⠈⢆⠁
                      ⡴⠁ ⡠⠞⠁l c ⢀ ⡀ ⠈⠉⠁ ⠤⢄⠈⠓⢄  ✦ ⢦   ⠙⣆ ⢢
                     ⠘⠁⡰⠋ al⢀⢄⠤⠖⠋⠉⠉⠉⠉⠉⠑⠲⢄⡀   ⠳⡀ ✦ ⢧   ⠸⡄ ⢧
                    ⡀⢀⠎  sm⡠⠋⠁    Reading t   ⢳  ✦ ⡆   ⢇ ⠈
                   ⢠⢧⠏   ⢠⠞    ⣠⠖⠊⠉⠉⠉⠉⠒⢄  ⢨he ⠈⡇ ⠈✦⡇   ⢸   ⡄
                   ⠸⠋  a⢰⠋   ⣠⠊   ⢀⣀⣤⠤⠒⠒⠓⠤⡀⡇⢆ ⢀⣧    ⠰  ⣸   ⡇
                        ⠏   ⡰⠁  ⢀⡔⠁ ⡎     ⢹⠁f⢀⡜⠘  ⢰⠁ ⠃ ⡇   ⠃
                   ⢰   e   ⢠⠃  ⢀⡎  ⢠⢧     ⣜li⠊   ⣠⠃   ⡼
                   ⢸   t   ⢸   ⢸   ⢸ ⠉⠲⡒⠒⠉se⠇  ⣀⠔⠁   ⡴⠃   ⡴⡇
                   ⠈   ⡇a⢐ ⢸   ⠸⡄  ⠙⣖⠢ ⠈⠒⠤⠤⠤⠤⠴⠚⠁   ⢀⠞⠁   ⡼⢹⠁
                     ⡄ ⢸ e⠃⠘⡆   ⢳   ⠘⢦⡀          ⡠⠔⠁   ⢀⠜
                     ⠹⡀⠈⡇rC ⠹⡂   ⠳⡀ ⠉⠁⠈⠓⠢⠤⠤⠤⠤⠤⠔⠚⠉    ⢀⠴⠃⢠⠆
                      ⠑ ⠘⡄ ✦ ⠙⣄   ⠈⠲⣄             ⢀⡴⡷⠁ ⣠⠋
                        ⠠⡘⣄  no⠢⡀    ⠉⠒⠤⠤⣄⣀⣀⣀⣀⡤⠤⠒⠊⠉rC
                         ⠘⠪⡆  ital⢄⡀            etae⠔⠁
                              ⢄⡀ letsnoc llams a  ⠋
                               ⠉⠑⠂  ⢀⣀⣀⣀⣀ ⠉⠩⠽⠓⠊⠁
                                    ⠺⠭⣅⣀⣨⠭⠗
                                     ⠺⢍⣀⡩⠗
                                      ⢮⣉⡵
